Component: ARM Compiler 5.06 update 6 (build 750) Tool: armlink [4d35ed]

==============================================================================

Section Cross References

    main.o(i.main) refers to sys.o(i.Cache_Enable) for Cache_Enable
    main.o(i.main) refers to mpu.o(i.MPU_Memory_Protection) for MPU_Memory_Protection
    main.o(i.main) refers to stm32h7xx_hal.o(i.HAL_Init) for HAL_Init
    main.o(i.main) refers to sys.o(i.Stm32_Clock_Init) for Stm32_Clock_Init
    main.o(i.main) refers to delay.o(i.delay_init) for delay_init
    main.o(i.main) refers to led.o(i.LED_Init) for LED_Init
    main.o(i.main) refers to delay.o(i.delay_ms) for delay_ms
    main.o(i.main) refers to usbd_core.o(i.USBD_Init) for USBD_Init
    main.o(i.main) refers to usbd_core.o(i.USBD_RegisterClass) for USBD_RegisterClass
    main.o(i.main) refers to usbd_cdc.o(i.USBD_CDC_RegisterInterface) for USBD_CDC_RegisterInterface
    main.o(i.main) refers to usbd_core.o(i.USBD_Start) for USBD_Start
    main.o(i.main) refers to stm32h7xx_hal_pwr_ex.o(i.HAL_PWREx_EnableUSBVoltageDetector) for HAL_PWREx_EnableUSBVoltageDetector
    main.o(i.main) refers to ads1299.o(i.ADS1299_Init) for ADS1299_Init
    main.o(i.main) refers to self_test.o(i.checkPositions) for checkPositions
    main.o(i.main) refers to stm32h7xx_hal_gpio.o(i.HAL_GPIO_WritePin) for HAL_GPIO_WritePin
    main.o(i.main) refers to strcmp.o(.text) for strcmp
    main.o(i.main) refers to usbd_cdc_interface.o(i.VCP_DataTx) for VCP_DataTx
    main.o(i.main) refers to memseta.o(.text) for __aeabi_memclr
    main.o(i.main) refers to ads1299.o(i.DRDY_Init) for DRDY_Init
    main.o(i.main) refers to ads1299.o(i.ADS1299_exit_measure) for ADS1299_exit_measure
    main.o(i.main) refers to ads1299.o(i.ADS1299_Polar_vol) for ADS1299_Polar_vol
    main.o(i.main) refers to ads1299.o(i.ADS1299_Polar_vol_exit) for ADS1299_Polar_vol_exit
    main.o(i.main) refers to ads1299.o(i.ADS1299_noise_test) for ADS1299_noise_test
    main.o(i.main) refers to ads1299.o(i.ADS1299_Common_mode_measure) for ADS1299_Common_mode_measure
    main.o(i.main) refers to ads1299.o(i.ADS1299_Differential_mode_measure) for ADS1299_Differential_mode_measure
    main.o(i.main) refers to ads1299.o(i.change_test) for change_test
    main.o(i.main) refers to usbd_desc.o(.data) for VCP_Desc
    main.o(i.main) refers to main.o(.bss) for .bss
    main.o(i.main) refers to usbd_cdc.o(.data) for USBD_CDC
    main.o(i.main) refers to usbd_cdc_interface.o(.data) for USBD_CDC_fops
    main.o(i.main) refers to main.o(.data) for .data
    main.o(i.main) refers to usbd_cdc_interface.o(.data) for USB_USART_RX_STA
    main.o(i.main) refers to usbd_cdc_interface.o(.bss) for USB_USART_RX_BUF
    stm32h7xx_it.o(i.SysTick_Handler) refers to stm32h7xx_hal.o(i.HAL_IncTick) for HAL_IncTick
    system_stm32h7xx.o(i.SystemCoreClockUpdate) refers to system_stm32h7xx.o(.data) for .data
    system_stm32h7xx.o(i.SystemCoreClockUpdate) refers to system_stm32h7xx.o(.constdata) for .constdata
    startup_stm32h743xx.o(RESET) refers to startup_stm32h743xx.o(STACK) for __initial_sp
    startup_stm32h743xx.o(RESET) refers to startup_stm32h743xx.o(.text) for Reset_Handler
    startup_stm32h743xx.o(RESET) refers to stm32h7xx_it.o(i.NMI_Handler) for NMI_Handler
    startup_stm32h743xx.o(RESET) refers to stm32h7xx_it.o(i.HardFault_Handler) for HardFault_Handler
    startup_stm32h743xx.o(RESET) refers to stm32h7xx_it.o(i.MemManage_Handler) for MemManage_Handler
    startup_stm32h743xx.o(RESET) refers to stm32h7xx_it.o(i.BusFault_Handler) for BusFault_Handler
    startup_stm32h743xx.o(RESET) refers to stm32h7xx_it.o(i.UsageFault_Handler) for UsageFault_Handler
    startup_stm32h743xx.o(RESET) refers to stm32h7xx_it.o(i.SVC_Handler) for SVC_Handler
    startup_stm32h743xx.o(RESET) refers to stm32h7xx_it.o(i.DebugMon_Handler) for DebugMon_Handler
    startup_stm32h743xx.o(RESET) refers to stm32h7xx_it.o(i.PendSV_Handler) for PendSV_Handler
    startup_stm32h743xx.o(RESET) refers to stm32h7xx_it.o(i.SysTick_Handler) for SysTick_Handler
    startup_stm32h743xx.o(RESET) refers to ads1299.o(i.EXTI9_5_IRQHandler) for EXTI9_5_IRQHandler
    startup_stm32h743xx.o(RESET) refers to usbd_conf.o(i.OTG_FS_IRQHandler) for OTG_FS_IRQHandler
    startup_stm32h743xx.o(.text) refers to system_stm32h7xx.o(i.SystemInit) for SystemInit
    startup_stm32h743xx.o(.text) refers to entry.o(.ARM.Collect$$$$00000000) for __main
    delay.o(i.delay_init) refers to stm32h7xx_hal_cortex.o(i.HAL_SYSTICK_CLKSourceConfig) for HAL_SYSTICK_CLKSourceConfig
    delay.o(i.delay_init) refers to delay.o(.data) for .data
    delay.o(i.delay_ms) refers to delay.o(i.delay_us) for delay_us
    delay.o(i.delay_us) refers to delay.o(.data) for .data
    sys.o(i.Stm32_Clock_Init) refers to stm32h7xx_hal_rcc.o(i.HAL_RCC_OscConfig) for HAL_RCC_OscConfig
[...]
    .ARM.__AT_0xC1E30000                     0xc1e30000   Section    1850368  malloc.o(.ARM.__AT_0xC1E30000)

    Global Symbols

    Symbol Name                              Value     Ov Type        Size  Object(Section)

    BuildAttributes$$THM_ISAv4$E$P$D$K$B$S$7EM$VFPv5_D16$PE$PLD8$A:L22UL41UL21$X:L11$S22US41US21$IEEE1$IW$USESV6$~STKCKD$USESV7$~SHL$OSPACE$ROPI$EBA8$MICROLIB$REQ8$PRES8$EABIv2 0x00000000   Number         0  anon$$obj.o ABSOLUTE
    __ARM_use_no_argv                        0x00000000   Number         0  main.o ABSOLUTE
    _printf_a                                0x00000000   Number         0  stubs.o ABSOLUTE
    _printf_c                                0x00000000   Number         0  stubs.o ABSOLUTE
    _printf_charcount                        0x00000000   Number         0  stubs.o ABSOLUTE
    _printf_d                                0x00000000   Number         0  stubs.o ABSOLUTE
    _printf_e                                0x00000000   Number         0  stubs.o ABSOLUTE
    _printf_f                                0x00000000   Number         0  stubs.o ABSOLUTE
    _printf_flags                            0x00000000   Number         0  stubs.o ABSOLUTE
    _printf_fp_dec                           0x00000000   Number         0  stubs.o ABSOLUTE
    _printf_fp_hex                           0x00000000   Number         0  stubs.o ABSOLUTE
    _printf_g                                0x00000000   Number         0  stubs.o ABSOLUTE
    _printf_i                                0x00000000   Number         0  stubs.o ABSOLUTE
    _printf_int_dec                          0x00000000   Number         0  stubs.o ABSOLUTE
    _printf_l                                0x00000000   Number         0  stubs.o ABSOLUTE
    _printf_lc                               0x00000000   Number         0  stubs.o ABSOLUTE
    _printf_ll                               0x00000000   Number         0  stubs.o ABSOLUTE
    _printf_lld                              0x00000000   Number         0  stubs.o ABSOLUTE
    _printf_lli                              0x00000000   Number         0  stubs.o ABSOLUTE
    _printf_llo                              0x00000000   Number         0  stubs.o ABSOLUTE
    _printf_llu                              0x00000000   Number         0  stubs.o ABSOLUTE
    _printf_llx                              0x00000000   Number         0  stubs.o ABSOLUTE
    _printf_longlong_dec                     0x00000000   Number         0  stubs.o ABSOLUTE
    _printf_longlong_hex                     0x00000000   Number         0  stubs.o ABSOLUTE
    _printf_longlong_oct                     0x00000000   Number         0  stubs.o ABSOLUTE
    _printf_ls                               0x00000000   Number         0  stubs.o ABSOLUTE
    _printf_mbtowc                           0x00000000   Number         0  stubs.o ABSOLUTE
    _printf_n                                0x00000000   Number         0  stubs.o ABSOLUTE
    _printf_o                                0x00000000   Number         0  stubs.o ABSOLUTE
    _printf_p                                0x00000000   Number         0  stubs.o ABSOLUTE
    _printf_percent                          0x00000000   Number         0  stubs.o ABSOLUTE
    _printf_pre_padding                      0x00000000   Number         0  stubs.o ABSOLUTE
    _printf_return_value                     0x00000000   Number         0  stubs.o ABSOLUTE
    _printf_s                                0x00000000   Number         0  stubs.o ABSOLUTE
    _printf_sizespec                         0x00000000   Number         0  stubs.o ABSOLUTE
    _printf_str                              0x00000000   Number         0  stubs.o ABSOLUTE
    _printf_truncate_signed                  0x00000000   Number         0  stubs.o ABSOLUTE
    _printf_truncate_unsigned                0x00000000   Number         0  stubs.o ABSOLUTE
    _printf_u                                0x00000000   Number         0  stubs.o ABSOLUTE
    _printf_wc                               0x00000000   Number         0  stubs.o ABSOLUTE
    _printf_wctomb                           0x00000000   Number         0  stubs.o ABSOLUTE
    _printf_widthprec                        0x00000000   Number         0  stubs.o ABSOLUTE
    _printf_x                                0x00000000   Number         0  stubs.o ABSOLUTE
    __cpp_initialize__aeabi_                  - Undefined Weak Reference
    __cxa_finalize                            - Undefined Weak Reference
    _clock_init                               - Undefined Weak Reference
    _microlib_exit                            - Undefined Weak Reference
    __Vectors_Size                           0x00000298   Number         0  startup_stm32h743xx.o ABSOLUTE
    __Vectors                                0x08000000   Data           4  startup_stm32h743xx.o(RESET)
    __Vectors_End                            0x08000298   Data           0  startup_stm32h743xx.o(RESET)
    __main                                   0x08000299   Thumb Code     0  entry.o(.ARM.Collect$$$$00000000)
    _main_stk                                0x08000299   Thumb Code     0  entry2.o(.ARM.Collect$$$$00000001)
    _main_scatterload                        0x0800029d   Thumb Code     0  entry5.o(.ARM.Collect$$$$00000004)
    __main_after_scatterload                 0x080002a1   Thumb Code     0  entry5.o(.ARM.Collect$$$$00000004)
    _main_clock                              0x080002a1   Thumb Code     0  entry7b.o(.ARM.Collect$$$$00000008)
    _main_cpp_init                           0x080002a1   Thumb Code     0  entry8b.o(.ARM.Collect$$$$0000000A)
    _main_init                               0x080002a1   Thumb Code     0  entry9a.o(.ARM.Collect$$$$0000000B)
    __rt_final_cpp                           0x080002a9   Thumb Code     0  entry10a.o(.ARM.Collect$$$$0000000D)
    __rt_final_exit                          0x080002a9   Thumb Code     0  entry11a.o(.ARM.Collect$$$$0000000F)
    Reset_Handler                            0x080002ad   Thumb Code     8  startup_stm32h743xx.o(.text)
    ADC3_IRQHandler                          0x080002c7   Thumb Code     0  startup_stm32h743xx.o(.text)
    ADC_IRQHandler                           0x080002c7   Thumb Code     0  startup_stm32h743xx.o(.text)
    BDMA_Channel0_IRQHandler                 0x080002c7   Thumb Code     0  startup_stm32h743xx.o(.text)
    BDMA_Channel1_IRQHandler                 0x080002c7   Thumb Code     0  startup_stm32h743xx.o(.text)
    BDMA_Channel2_IRQHandler                 0x080002c7   Thumb Code     0  startup_stm32h743xx.o(.text)
    BDMA_Channel3_IRQHandler                 0x080002c7   Thumb Code     0  startup_stm32h743xx.o(.text)
    BDMA_Channel4_IRQHandler                 0x080002c7   Thumb Code     0  startup_stm32h743xx.o(.text)
    BDMA_Channel5_IRQHandler                 0x080002c7   Thumb Code     0  startup_stm32h743xx.o(.text)
    BDMA_Channel6_IRQHandler                 0x080002c7   Thumb Code     0  startup_stm32h743xx.o(.text)
    BDMA_Channel7_IRQHandler                 0x080002c7   Thumb Code     0  startup_stm32h743xx.o(.text)
    CEC_IRQHandler                           0x080002c7   Thumb Code     0  startup_stm32h743xx.o(.text)
    COMP1_IRQHandler                         0x080002c7   Thumb Code     0  startup_stm32h743xx.o(.text)
    CRS_IRQHandler                           0x080002c7   Thumb Code     0  startup_stm32h743xx.o(.text)
    DCMI_IRQHandler                          0x080002c7   Thumb Code     0  startup_stm32h743xx.o(.text)
    DFSDM1_FLT0_IRQHandler                   0x080002c7   Thumb Code     0  startup_stm32h743xx.o(.text)
    DFSDM1_FLT1_IRQHandler                   0x080002c7   Thumb Code     0  startup_stm32h743xx.o(.text)
    DFSDM1_FLT2_IRQHandler                   0x080002c7   Thumb Code     0  startup_stm32h743xx.o(.text)
    DFSDM1_FLT3_IRQHandler                   0x080002c7   Thumb Code     0  startup_stm32h743xx.o(.text)
    DMA1_Stream0_IRQHandler                  0x080002c7   Thumb Code     0  startup_stm32h743xx.o(.text)
    DMA1_Stream1_IRQHandler                  0x080002c7   Thumb Code     0  startup_stm32h743xx.o(.text)
    DMA1_Stream2_IRQHandler                  0x080002c7   Thumb Code     0  startup_stm32h743xx.o(.text)
    DMA1_Stream3_IRQHandler                  0x080002c7   Thumb Code     0  startup_stm32h743xx.o(.text)
    DMA1_Stream4_IRQHandler                  0x080002c7   Thumb Code     0  startup_stm32h743xx.o(.text)
    DMA1_Stream5_IRQHandler                  0x080002c7   Thumb Code     0  startup_stm32h743xx.o(.text)
    DMA1_Stream6_IRQHandler                  0x080002c7   Thumb Code     0  startup_stm32h743xx.o(.text)
    DMA1_Stream7_IRQHandler                  0x080002c7   Thumb Code     0  startup_stm32h743xx.o(.text)
    DMA2D_IRQHandler                         0x080002c7   Thumb Code     0  startup_stm32h743xx.o(.text)
    DMA2_Stream0_IRQHandler                  0x080002c7   Thumb Code     0  startup_stm32h743xx.o(.text)
    DMA2_Stream1_IRQHandler                  0x080002c7   Thumb Code     0  startup_stm32h743xx.o(.text)
    DMA2_Stream2_IRQHandler                  0x080002c7   Thumb Code     0  startup_stm32h743xx.o(.text)
    DMA2_Stream3_IRQHandler                  0x080002c7   Thumb Code     0  startup_stm32h743xx.o(.text)
    DMA2_Stream4_IRQHandler                  0x080002c7   Thumb Code     0  startup_stm32h743xx.o(.text)
    DMA2_Stream5_IRQHandler                  0x080002c7   Thumb Code     0  startup_stm32h743xx.o(.text)
    DMA2_Stream6_IRQHandler                  0x080002c7   Thumb Code     0  startup_stm32h743xx.o(.text)
    DMA2_Stream7_IRQHandler                  0x080002c7   Thumb Code     0  startup_stm32h743xx.o(.text)
    DMAMUX1_OVR_IRQHandler                   0x080002c7   Thumb Code     0  startup_stm32h743xx.o(.text)
    DMAMUX2_OVR_IRQHandler                   0x080002c7   Thumb Code     0  startup_stm32h743xx.o(.text)
    ETH_IRQHandler                           0x080002c7   Thumb Code     0  startup_stm32h743xx.o(.text)
    ETH_WKUP_IRQHandler                      0x080002c7   Thumb Code     0  startup_stm32h743xx.o(.text)
    EXTI0_IRQHandler                         0x080002c7   Thumb Code     0  startup_stm32h743xx.o(.text)
    EXTI15_10_IRQHandler                     0x080002c7   Thumb Code     0  startup_stm32h743xx.o(.text)
    EXTI1_IRQHandler                         0x080002c7   Thumb Code     0  startup_stm32h743xx.o(.text)
    EXTI2_IRQHandler                         0x080002c7   Thumb Code     0  startup_stm32h743xx.o(.text)
    EXTI3_IRQHandler                         0x080002c7   Thumb Code     0  startup_stm32h743xx.o(.text)
    EXTI4_IRQHandler                         0x080002c7   Thumb Code     0  startup_stm32h743xx.o(.text)
    FDCAN1_IT0_IRQHandler                    0x080002c7   Thumb Code     0  startup_stm32h743xx.o(.text)
    FDCAN1_IT1_IRQHandler                    0x080002c7   Thumb Code     0  startup_stm32h743xx.o(.text)
    FDCAN2_IT0_IRQHandler                    0x080002c7   Thumb Code     0  startup_stm32h743xx.o(.text)
    FDCAN2_IT1_IRQHandler                    0x080002c7   Thumb Code     0  startup_stm32h743xx.o(.text)
    FDCAN_CAL_IRQHandler                     0x080002c7   Thumb Code     0  startup_stm32h743xx.o(.text)
    FLASH_IRQHandler                         0x080002c7   Thumb Code     0  startup_stm32h743xx.o(.text)
    FMC_IRQHandler                           0x080002c7   Thumb Code     0  startup_stm32h743xx.o(.text)
    FPU_IRQHandler                           0x080002c7   Thumb Code     0  startup_stm32h743xx.o(.text)
    HRTIM1_FLT_IRQHandler                    0x080002c7   Thumb Code     0  startup_stm32h743xx.o(.text)
    HRTIM1_Master_IRQHandler                 0x080002c7   Thumb Code     0  startup_stm32h743xx.o(.text)
    HRTIM1_TIMA_IRQHandler                   0x080002c7   Thumb Code     0  startup_stm32h743xx.o(.text)
    HRTIM1_TIMB_IRQHandler                   0x080002c7   Thumb Code     0  startup_stm32h743xx.o(.text)
    HRTIM1_TIMC_IRQHandler                   0x080002c7   Thumb Code     0  startup_stm32h743xx.o(.text)
    HRTIM1_TIMD_IRQHandler                   0x080002c7   Thumb Code     0  startup_stm32h743xx.o(.text)
    HRTIM1_TIME_IRQHandler                   0x080002c7   Thumb Code     0  startup_stm32h743xx.o(.text)
    HSEM1_IRQHandler                         0x080002c7   Thumb Code     0  startup_stm32h743xx.o(.text)
    I2C1_ER_IRQHandler                       0x080002c7   Thumb Code     0  startup_stm32h743xx.o(.text)
    I2C1_EV_IRQHandler                       0x080002c7   Thumb Code     0  startup_stm32h743xx.o(.text)
    I2C2_ER_IRQHandler                       0x080002c7   Thumb Code     0  startup_stm32h743xx.o(.text)
    I2C2_EV_IRQHandler                       0x080002c7   Thumb Code     0  startup_stm32h743xx.o(.text)
    I2C3_ER_IRQHandler                       0x080002c7   Thumb Code     0  startup_stm32h743xx.o(.text)
    I2C3_EV_IRQHandler                       0x080002c7   Thumb Code     0  startup_stm32h743xx.o(.text)
    I2C4_ER_IRQHandler                       0x080002c7   Thumb Code     0  startup_stm32h743xx.o(.text)
    I2C4_EV_IRQHandler                       0x080002c7   Thumb Code     0  startup_stm32h743xx.o(.text)
    JPEG_IRQHandler                          0x080002c7   Thumb Code     0  startup_stm32h743xx.o(.text)
    LPTIM1_IRQHandler                        0x080002c7   Thumb Code     0  startup_stm32h743xx.o(.text)
    LPTIM2_IRQHandler                        0x080002c7   Thumb Code     0  startup_stm32h743xx.o(.text)
    LPTIM3_IRQHandler                        0x080002c7   Thumb Code     0  startup_stm32h743xx.o(.text)
    LPTIM4_IRQHandler                        0x080002c7   Thumb Code     0  startup_stm32h743xx.o(.text)
    LPTIM5_IRQHandler                        0x080002c7   Thumb Code     0  startup_stm32h743xx.o(.text)
    LPUART1_IRQHandler                       0x080002c7   Thumb Code     0  startup_stm32h743xx.o(.text)
    LTDC_ER_IRQHandler                       0x080002c7   Thumb Code     0  startup_stm32h743xx.o(.text)
    LTDC_IRQHandler                          0x080002c7   Thumb Code     0  startup_stm32h743xx.o(.text)
    MDIOS_IRQHandler                         0x080002c7   Thumb Code     0  startup_stm32h743xx.o(.text)
    MDIOS_WKUP_IRQHandler                    0x080002c7   Thumb Code     0  startup_stm32h743xx.o(.text)
    MDMA_IRQHandler                          0x080002c7   Thumb Code     0  startup_stm32h743xx.o(.text)
    OTG_FS_EP1_IN_IRQHandler                 0x080002c7   Thumb Code     0  startup_stm32h743xx.o(.text)
    OTG_FS_EP1_OUT_IRQHandler                0x080002c7   Thumb Code     0  startup_stm32h743xx.o(.text)
    OTG_FS_WKUP_IRQHandler                   0x080002c7   Thumb Code     0  startup_stm32h743xx.o(.text)
    OTG_HS_EP1_IN_IRQHandler                 0x080002c7   Thumb Code     0  startup_stm32h743xx.o(.text)
    OTG_HS_EP1_OUT_IRQHandler                0x080002c7   Thumb Code     0  startup_stm32h743xx.o(.text)
    OTG_HS_IRQHandler                        0x080002c7   Thumb Code     0  startup_stm32h743xx.o(.text)
    OTG_HS_WKUP_IRQHandler                   0x080002c7   Thumb Code     0  startup_stm32h743xx.o(.text)
    PVD_AVD_IRQHandler                       0x080002c7   Thumb Code     0  startup_stm32h743xx.o(.text)
    QUADSPI_IRQHandler                       0x080002c7   Thumb Code     0  startup_stm32h743xx.o(.text)
    RCC_IRQHandler                           0x080002c7   Thumb Code     0  startup_stm32h743xx.o(.text)
    RNG_IRQHandler                           0x080002c7   Thumb Code     0  startup_stm32h743xx.o(.text)
    RTC_Alarm_IRQHandler                     0x080002c7   Thumb Code     0  startup_stm32h743xx.o(.text)
    RTC_WKUP_IRQHandler                      0x080002c7   Thumb Code     0  startup_stm32h743xx.o(.text)
    SAI1_IRQHandler                          0x080002c7   Thumb Code     0  startup_stm32h743xx.o(.text)
    SAI2_IRQHandler                          0x080002c7   Thumb Code     0  startup_stm32h743xx.o(.text)
    SAI3_IRQHandler                          0x080002c7   Thumb Code     0  startup_stm32h743xx.o(.text)
    SAI4_IRQHandler                          0x080002c7   Thumb Code     0  startup_stm32h743xx.o(.text)
    SDMMC1_IRQHandler                        0x080002c7   Thumb Code     0  startup_stm32h743xx.o(.text)
    SDMMC2_IRQHandler                        0x080002c7   Thumb Code     0  startup_stm32h743xx.o(.text)
    SPDIF_RX_IRQHandler                      0x080002c7   Thumb Code     0  startup_stm32h743xx.o(.text)
    SPI1_IRQHandler                          0x080002c7   Thumb Code     0  startup_stm32h743xx.o(.text)
    SPI2_IRQHandler                          0x080002c7   Thumb Code     0  startup_stm32h743xx.o(.text)
    SPI3_IRQHandler                          0x080002c7   Thumb Code     0  startup_stm32h743xx.o(.text)
    SPI4_IRQHandler                          0x080002c7   Thumb Code     0  startup_stm32h743xx.o(.text)
    SPI5_IRQHandler                          0x080002c7   Thumb Code     0  startup_stm32h743xx.o(.text)
    SPI6_IRQHandler                          0x080002c7   Thumb Code     0  startup_stm32h743xx.o(.text)
    SWPMI1_IRQHandler                        0x080002c7   Thumb Code     0  startup_stm32h743xx.o(.text)
    TAMP_STAMP_IRQHandler                    0x080002c7   Thumb Code     0  startup_stm32h743xx.o(.text)
    TIM15_IRQHandler                         0x080002c7   Thumb Code     0  startup_stm32h743xx.o(.text)
    TIM16_IRQHandler                         0x080002c7   Thumb Code     0  startup_stm32h743xx.o(.text)
    TIM17_IRQHandler                         0x080002c7   Thumb Code     0  startup_stm32h743xx.o(.text)
    TIM1_BRK_IRQHandler                      0x080002c7   Thumb Code     0  startup_stm32h743xx.o(.text)
    TIM1_CC_IRQHandler                       0x080002c7   Thumb Code     0  startup_stm32h743xx.o(.text)
    TIM1_TRG_COM_IRQHandler                  0x080002c7   Thumb Code     0  startup_stm32h743xx.o(.text)
    TIM1_UP_IRQHandler                       0x080002c7   Thumb Code     0  startup_stm32h743xx.o(.text)
    TIM2_IRQHandler                          0x080002c7   Thumb Code     0  startup_stm32h743xx.o(.text)
    TIM3_IRQHandler                          0x080002c7   Thumb Code     0  startup_stm32h743xx.o(.text)
    TIM4_IRQHandler                          0x080002c7   Thumb Code     0  startup_stm32h743xx.o(.text)
    TIM5_IRQHandler                          0x080002c7   Thumb Code     0  startup_stm32h743xx.o(.text)
    TIM6_DAC_IRQHandler                      0x080002c7   Thumb Code     0  startup_stm32h743xx.o(.text)
    TIM7_IRQHandler                          0x080002c7   Thumb Code     0  startup_stm32h743xx.o(.text)
    TIM8_BRK_TIM12_IRQHandler                0x080002c7   Thumb Code     0  startup_stm32h743xx.o(.text)
    TIM8_CC_IRQHandler                       0x080002c7   Thumb Code     0  startup_stm32h743xx.o(.text)
    TIM8_TRG_COM_TIM14_IRQHandler            0x080002c7   Thumb Code     0  startup_stm32h743xx.o(.text)
    TIM8_UP_TIM13_IRQHandler                 0x080002c7   Thumb Code     0  startup_stm32h743xx.o(.text)
    UART4_IRQHandler                         0x080002c7   Thumb Code     0  startup_stm32h743xx.o(.text)
    UART5_IRQHandler                         0x080002c7   Thumb Code     0  startup_stm32h743xx.o(.text)
    UART7_IRQHandler                         0x080002c7   Thumb Code     0  startup_stm32h743xx.o(.text)
    UART8_IRQHandler                         0x080002c7   Thumb Code     0  startup_stm32h743xx.o(.text)
    USART1_IRQHandler                        0x080002c7   Thumb Code     0  startup_stm32h743xx.o(.text)
    USART2_IRQHandler                        0x080002c7   Thumb Code     0  startup_stm32h743xx.o(.text)
    USART3_IRQHandler                        0x080002c7   Thumb Code     0  startup_stm32h743xx.o(.text)
    USART6_IRQHandler                        0x080002c7   Thumb Code     0  startup_stm32h743xx.o(.text)
    WAKEUP_PIN_IRQHandler                    0x080002c7   Thumb Code     0  startup_stm32h743xx.o(.text)
    WWDG_IRQHandler                          0x080002c7   Thumb Code     0  startup_stm32h743xx.o(.text)
    __aeabi_memcpy                           0x080002d1   Thumb Code    36  memcpya.o(.text)
    __aeabi_memcpy4                          0x080002d1   Thumb Code     0  memcpya.o(.text)
    __aeabi_memcpy8                          0x080002d1   Thumb Code     0  memcpya.o(.text)
    __aeabi_memset                           0x080002f5   Thumb Code    14  memseta.o(.text)
    __aeabi_memset4                          0x080002f5   Thumb Code     0  memseta.o(.text)
    __aeabi_memset8                          0x080002f5   Thumb Code     0  memseta.o(.text)
    __aeabi_memclr                           0x08000303   Thumb Code     4  memseta.o(.text)
    __aeabi_memclr4                          0x08000303   Thumb Code     0  memseta.o(.text)
    __aeabi_memclr8                          0x08000303   Thumb Code     0  memseta.o(.text)
    _memset$wrapper                          0x08000307   Thumb Code    18  memseta.o(.text)
    strcmp                                   0x08000319   Thumb Code    28  strcmp.o(.text)
    __aeabi_uidiv                            0x08000335   Thumb Code     0  uidiv.o(.text)
    __aeabi_uidivmod                         0x08000335   Thumb Code    44  uidiv.o(.text)
    __aeabi_uldivmod                         0x08000361   Thumb Code    98  uldiv.o(.text)
    __I$use$fp                               0x080003c3   Thumb Code     0  iusefp.o(.text)
    __aeabi_dadd                             0x080003c3   Thumb Code   322  dadd.o(.text)
    __aeabi_dsub                             0x08000505   Thumb Code     6  dadd.o(.text)
    __aeabi_drsub                            0x0800050b   Thumb Code     6  dadd.o(.text)
    __aeabi_dmul                             0x08000511   Thumb Code   228  dmul.o(.text)
    __aeabi_ddiv                             0x080005f5   Thumb Code   222  ddiv.o(.text)
    __aeabi_d2ulz                            0x080006d3   Thumb Code    48  dfixul.o(.text)
    __aeabi_cdrcmple                         0x08000705   Thumb Code    48  cdrcmple.o(.text)
    __scatterload                            0x08000735   Thumb Code    28  init.o(.text)
    __scatterload_rt2                        0x08000735   Thumb Code     0  init.o(.text)
    __aeabi_llsl                             0x08000759   Thumb Code    30  llshl.o(.text)
    __semihosting_library_function           0x08000759   Thumb Code     0  semi.o(.text)
    _ll_shift_l                              0x08000759   Thumb Code     0  llshl.o(.text)
    __aeabi_llsr                             0x08000777   Thumb Code    32  llushr.o(.text)
    _ll_ushift_r                             0x08000777   Thumb Code     0  llushr.o(.text)
    __aeabi_lasr                             0x08000797   Thumb Code    36  llsshr.o(.text)
    _ll_sshift_r                             0x08000797   Thumb Code     0  llsshr.o(.text)
    __I$use$semihosting$fputc                0x080007bb   Thumb Code     0  iusesemip.o(.text)
    _double_round                            0x080007bb   Thumb Code    30  depilogue.o(.text)
    _double_epilogue                         0x080007d9   Thumb Code   156  depilogue.o(.text)
    __decompress                             0x08000875   Thumb Code     0  __dczerorl2.o(.text)
    __decompress1                            0x08000875   Thumb Code    86  __dczerorl2.o(.text)
    ADS1299_CHANGE_CHANEL                    0x080008cd   Thumb Code   104  ads1299.o(i.ADS1299_CHANGE_CHANEL)
    ADS1299_Common_mode_measure              0x0800093d   Thumb Code   108  ads1299.o(i.ADS1299_Common_mode_measure)
    ADS1299_Config                           0x080009ad   Thumb Code   700  ads1299.o(i.ADS1299_Config)
    ADS1299_Differential_mode_measure        0x08000c71   Thumb Code   108  ads1299.o(i.ADS1299_Differential_mode_measure)
    ADS1299_Init                             0x08000ce1   Thumb Code    60  ads1299.o(i.ADS1299_Init)
    ADS1299_Polar_vol                        0x08000d21   Thumb Code   108  ads1299.o(i.ADS1299_Polar_vol)
    ADS1299_Polar_vol_exit                   0x08000d91   Thumb Code   108  ads1299.o(i.ADS1299_Polar_vol_exit)
    ADS1299_exit_measure                     0x08000e01   Thumb Code   488  ads1299.o(i.ADS1299_exit_measure)
    ADS1299_noise_test                       0x08000fed   Thumb Code   108  ads1299.o(i.ADS1299_noise_test)
    ADS129x_ReceDATA                         0x0800105d   Thumb Code   414  ads1299.o(i.ADS129x_ReceDATA)
    ADS129x_Reg_RW                           0x08001219   Thumb Code   114  ads1299.o(i.ADS129x_Reg_RW)
    ADS129x_Reg_R_all                        0x08001291   Thumb Code   126  ads1299.o(i.ADS129x_Reg_R_all)
    ADS129x_Reg_W_all                        0x08001319   Thumb Code    28  ads1299.o(i.ADS129x_Reg_W_all)
    ADS129x_SendCMD                          0x08001335   Thumb Code    48  ads1299.o(i.ADS129x_SendCMD)
    BusFault_Handler                         0x08001369   Thumb Code     2  stm32h7xx_it.o(i.BusFault_Handler)
    CS_Init                                  0x08001489   Thumb Code   138  ads1299.o(i.CS_Init)
    Cache_Enable                             0x08001521   Thumb Code   128  sys.o(i.Cache_Enable)
    DRDY_Init                                0x080015a9   Thumb Code    64  ads1299.o(i.DRDY_Init)
    DebugMon_Handler                         0x080015f5   Thumb Code     2  stm32h7xx_it.o(i.DebugMon_Handler)
    EXTI9_5_IRQHandler                       0x080015f7   Thumb Code     8  ads1299.o(i.EXTI9_5_IRQHandler)
    HAL_Delay                                0x08001601   Thumb Code    32  stm32h7xx_hal.o(i.HAL_Delay)
    HAL_EnableCompensationCell               0x08001625   Thumb Code    12  stm32h7xx_hal.o(i.HAL_EnableCompensationCell)
    HAL_GPIO_EXTI_Callback                   0x08001635   Thumb Code    16  ads1299.o(i.HAL_GPIO_EXTI_Callback)
    HAL_GPIO_EXTI_IRQHandler                 0x08001649   Thumb Code    24  stm32h7xx_hal_gpio.o(i.HAL_GPIO_EXTI_IRQHandler)
    HAL_GPIO_Init                            0x08001661   Thumb Code   450  stm32h7xx_hal_gpio.o(i.HAL_GPIO_Init)
    HAL_GPIO_TogglePin                       0x08001855   Thumb Code     8  stm32h7xx_hal_gpio.o(i.HAL_GPIO_TogglePin)
    HAL_GPIO_WritePin                        0x0800185d   Thumb Code    10  stm32h7xx_hal_gpio.o(i.HAL_GPIO_WritePin)
    HAL_GetTick                              0x08001869   Thumb Code     6  stm32h7xx_hal.o(i.HAL_GetTick)
    HAL_IncTick                              0x08001875   Thumb Code    12  stm32h7xx_hal.o(i.HAL_IncTick)
    HAL_Init                                 0x08001885   Thumb Code    28  stm32h7xx_hal.o(i.HAL_Init)
    HAL_InitTick                             0x080018a1   Thumb Code    54  stm32h7xx_hal.o(i.HAL_InitTick)
    HAL_MPU_ConfigRegion                     0x080018e1   Thumb Code    86  stm32h7xx_hal_cortex.o(i.HAL_MPU_ConfigRegion)
    HAL_MspInit                              0x08001975   Thumb Code     2  stm32h7xx_hal_msp.o(i.HAL_MspInit)
    HAL_NVIC_EnableIRQ                       0x08001977   Thumb Code    26  stm32h7xx_hal_cortex.o(i.HAL_NVIC_EnableIRQ)
    HAL_NVIC_SetPriority                     0x08001991   Thumb Code    60  stm32h7xx_hal_cortex.o(i.HAL_NVIC_SetPriority)
    HAL_NVIC_SetPriorityGrouping             0x080019d1   Thumb Code    28  stm32h7xx_hal_cortex.o(i.HAL_NVIC_SetPriorityGrouping)
    HAL_PCDEx_ActivateBCD                    0x080019f5   Thumb Code    28  stm32h7xx_hal_pcd_ex.o(i.HAL_PCDEx_ActivateBCD)
    HAL_PCDEx_ActivateLPM                    0x08001a11   Thumb Code    34  stm32h7xx_hal_pcd_ex.o(i.HAL_PCDEx_ActivateLPM)
    HAL_PCDEx_LPM_Callback                   0x08001a39   Thumb Code     2  stm32h7xx_hal_pcd_ex.o(i.HAL_PCDEx_LPM_Callback)
    HAL_PCDEx_SetRxFiFo                      0x08001a3b   Thumb Code     8  stm32h7xx_hal_pcd_ex.o(i.HAL_PCDEx_SetRxFiFo)
    HAL_PCDEx_SetTxFiFo                      0x08001a43   Thumb Code    72  stm32h7xx_hal_pcd_ex.o(i.HAL_PCDEx_SetTxFiFo)
    HAL_PCD_ConnectCallback                  0x08001a8d   Thumb Code    14  usbd_conf.o(i.HAL_PCD_ConnectCallback)
    HAL_PCD_DataInStageCallback              0x08001aa1   Thumb Code    18  usbd_conf.o(i.HAL_PCD_DataInStageCallback)
    HAL_PCD_DataOutStageCallback             0x08001ab3   Thumb Code    20  usbd_conf.o(i.HAL_PCD_DataOutStageCallback)
    HAL_PCD_DisconnectCallback               0x08001ac9   Thumb Code    28  usbd_conf.o(i.HAL_PCD_DisconnectCallback)
    HAL_PCD_EP_Close                         0x08001b05   Thumb Code    68  stm32h7xx_hal_pcd.o(i.HAL_PCD_EP_Close)
    HAL_PCD_EP_ClrStall                      0x08001b49   Thumb Code    80  stm32h7xx_hal_pcd.o(i.HAL_PCD_EP_ClrStall)
    HAL_PCD_EP_GetRxCount                    0x08001b99   Thumb Code    20  stm32h7xx_hal_pcd.o(i.HAL_PCD_EP_GetRxCount)
    HAL_PCD_EP_Open                          0x08001bad   Thumb Code    86  stm32h7xx_hal_pcd.o(i.HAL_PCD_EP_Open)
    HAL_PCD_EP_Receive                       0x08001c03   Thumb Code    68  stm32h7xx_hal_pcd.o(i.HAL_PCD_EP_Receive)
    HAL_PCD_EP_SetStall                      0x08001c47   Thumb Code    96  stm32h7xx_hal_pcd.o(i.HAL_PCD_EP_SetStall)
    HAL_PCD_EP_Transmit                      0x08001ca7   Thumb Code    68  stm32h7xx_hal_pcd.o(i.HAL_PCD_EP_Transmit)
    HAL_PCD_IRQHandler                       0x08001ced   Thumb Code  1414  stm32h7xx_hal_pcd.o(i.HAL_PCD_IRQHandler)
    HAL_PCD_ISOINIncompleteCallback          0x08002273   Thumb Code     8  usbd_conf.o(i.HAL_PCD_ISOINIncompleteCallback)
    HAL_PCD_ISOOUTIncompleteCallback         0x0800227b   Thumb Code     8  usbd_conf.o(i.HAL_PCD_ISOOUTIncompleteCallback)
    HAL_PCD_Init                             0x08002285   Thumb Code   220  stm32h7xx_hal_pcd.o(i.HAL_PCD_Init)
    HAL_PCD_MspInit                          0x08002361   Thumb Code   118  usbd_conf.o(i.HAL_PCD_MspInit)
    HAL_PCD_ResetCallback                    0x080023e5   Thumb Code    56  usbd_conf.o(i.HAL_PCD_ResetCallback)
    HAL_PCD_ResumeCallback                   0x08002471   Thumb Code    22  usbd_conf.o(i.HAL_PCD_ResumeCallback)
    HAL_PCD_SOFCallback                      0x0800249d   Thumb Code     8  usbd_conf.o(i.HAL_PCD_SOFCallback)
    HAL_PCD_SetAddress                       0x080024a5   Thumb Code    36  stm32h7xx_hal_pcd.o(i.HAL_PCD_SetAddress)
    HAL_PCD_SetupStageCallback               0x080024c9   Thumb Code    14  usbd_conf.o(i.HAL_PCD_SetupStageCallback)
    HAL_PCD_Start                            0x080024d7   Thumb Code    20  stm32h7xx_hal_pcd.o(i.HAL_PCD_Start)
    HAL_PCD_SuspendCallback                  0x080024ed   Thumb Code    28  usbd_conf.o(i.HAL_PCD_SuspendCallback)
    HAL_PWREx_EnableUSBVoltageDetector       0x08002529   Thumb Code    12  stm32h7xx_hal_pwr_ex.o(i.HAL_PWREx_EnableUSBVoltageDetector)
    HAL_RCCEx_GetD1SysClockFreq              0x08002539   Thumb Code    40  stm32h7xx_hal_rcc_ex.o(i.HAL_RCCEx_GetD1SysClockFreq)
    HAL_RCCEx_PeriphCLKConfig                0x0800256d   Thumb Code  2448  stm32h7xx_hal_rcc_ex.o(i.HAL_RCCEx_PeriphCLKConfig)
    HAL_RCC_ClockConfig                      0x08002f01   Thumb Code   458  stm32h7xx_hal_rcc.o(i.HAL_RCC_ClockConfig)
    HAL_RCC_GetHCLKFreq                      0x080030dd   Thumb Code    38  stm32h7xx_hal_rcc.o(i.HAL_RCC_GetHCLKFreq)
    HAL_RCC_GetSysClockFreq                  0x08003111   Thumb Code   286  stm32h7xx_hal_rcc.o(i.HAL_RCC_GetSysClockFreq)
    HAL_RCC_OscConfig                        0x08003241   Thumb Code  1202  stm32h7xx_hal_rcc.o(i.HAL_RCC_OscConfig)
    HAL_SPI_Init                             0x080036f9   Thumb Code   488  stm32h7xx_hal_spi.o(i.HAL_SPI_Init)
    HAL_SPI_MspInit                          0x080038ed   Thumb Code    84  spi.o(i.HAL_SPI_MspInit)
    HAL_SPI_Receive                          0x08003949   Thumb Code   574  stm32h7xx_hal_spi.o(i.HAL_SPI_Receive)
    HAL_SPI_Transmit                         0x08003b87   Thumb Code   546  stm32h7xx_hal_spi.o(i.HAL_SPI_Transmit)
    HAL_SPI_TransmitReceive                  0x08003da9   Thumb Code   796  stm32h7xx_hal_spi.o(i.HAL_SPI_TransmitReceive)
    HAL_SYSTICK_CLKSourceConfig              0x080040c5   Thumb Code    24  stm32h7xx_hal_cortex.o(i.HAL_SYSTICK_CLKSourceConfig)
    HAL_SYSTICK_Config                       0x080040dd   Thumb Code    38  stm32h7xx_hal_cortex.o(i.HAL_SYSTICK_Config)
    HardFault_Handler                        0x08004103   Thumb Code     2  stm32h7xx_it.o(i.HardFault_Handler)
    LED_Init                                 0x0800413d   Thumb Code    82  led.o(i.LED_Init)
    MPU_Memory_Protection                    0x08004199   Thumb Code    54  mpu.o(i.MPU_Memory_Protection)
    MPU_Set_Protection                       0x080041cf   Thumb Code    82  mpu.o(i.MPU_Set_Protection)
    MPU_Set_SRAMProtection                   0x08004221   Thumb Code    82  mpu.o(i.MPU_Set_SRAMProtection)
    MX_SPI2_Init                             0x08004275   Thumb Code    72  spi.o(i.MX_SPI2_Init)
    MemManage_Handler                        0x080042c5   Thumb Code     2  stm32h7xx_it.o(i.MemManage_Handler)
    NMI_Handler                              0x080042c7   Thumb Code     2  stm32h7xx_it.o(i.NMI_Handler)
    OTG_FS_IRQHandler                        0x080042c9   Thumb Code     6  usbd_conf.o(i.OTG_FS_IRQHandler)
    PendSV_Handler                           0x0800436b   Thumb Code     2  stm32h7xx_it.o(i.PendSV_Handler)
    RESET_Init                               0x08004515   Thumb Code    64  ads1299.o(i.RESET_Init)
    START_Init                               0x080046a1   Thumb Code    64  ads1299.o(i.START_Init)
    SVC_Handler                              0x080046e9   Thumb Code     2  stm32h7xx_it.o(i.SVC_Handler)
    Stm32_Clock_Init                         0x080046ed   Thumb Code   170  sys.o(i.Stm32_Clock_Init)
    SysTick_Handler                          0x080047a1   Thumb Code     4  stm32h7xx_it.o(i.SysTick_Handler)
    SystemInit                               0x080047a5   Thumb Code   118  system_stm32h7xx.o(i.SystemInit)
    USBD_CDC_GetDeviceQualifierDescriptor    0x080048d1   Thumb Code     8  usbd_cdc.o(i.USBD_CDC_GetDeviceQualifierDescriptor)
    USBD_CDC_ReceivePacket                   0x0800498d   Thumb Code    40  usbd_cdc.o(i.USBD_CDC_ReceivePacket)
    USBD_CDC_RegisterInterface               0x080049b5   Thumb Code    20  usbd_cdc.o(i.USBD_CDC_RegisterInterface)
    USBD_CDC_SetRxBuffer                     0x080049c9   Thumb Code    12  usbd_cdc.o(i.USBD_CDC_SetRxBuffer)
    USBD_CDC_SetTxBuffer                     0x080049d5   Thumb Code    16  usbd_cdc.o(i.USBD_CDC_SetTxBuffer)
    USBD_CDC_TransmitPacket                  0x08004a55   Thumb Code    48  usbd_cdc.o(i.USBD_CDC_TransmitPacket)
    USBD_ClrClassConfig                      0x08004a85   Thumb Code    14  usbd_core.o(i.USBD_ClrClassConfig)
    USBD_CtlContinueRx                       0x08004a93   Thumb Code    16  usbd_ioreq.o(i.USBD_CtlContinueRx)
    USBD_CtlContinueSendData                 0x08004aa3   Thumb Code    16  usbd_ioreq.o(i.USBD_CtlContinueSendData)
    USBD_CtlError                            0x08004ab3   Thumb Code    22  usbd_ctlreq.o(i.USBD_CtlError)
    USBD_CtlPrepareRx                        0x08004ac9   Thumb Code    30  usbd_ioreq.o(i.USBD_CtlPrepareRx)
    USBD_CtlReceiveStatus                    0x08004ae7   Thumb Code    22  usbd_ioreq.o(i.USBD_CtlReceiveStatus)
    USBD_CtlSendData                         0x08004afd   Thumb Code    26  usbd_ioreq.o(i.USBD_CtlSendData)
    USBD_CtlSendStatus                       0x08004b17   Thumb Code    22  usbd_ioreq.o(i.USBD_CtlSendStatus)
    USBD_GetString                           0x08004c0d   Thumb Code    72  usbd_ctlreq.o(i.USBD_GetString)
    USBD_Init                                0x08004c55   Thumb Code    42  usbd_core.o(i.USBD_Init)
    USBD_LL_ClearStallEP                     0x08004c7f   Thumb Code    14  usbd_conf.o(i.USBD_LL_ClearStallEP)
    USBD_LL_CloseEP                          0x08004c8d   Thumb Code    14  usbd_conf.o(i.USBD_LL_CloseEP)
    USBD_LL_DataInStage                      0x08004c9b   Thumb Code   170  usbd_core.o(i.USBD_LL_DataInStage)
    USBD_LL_DataOutStage                     0x08004d45   Thumb Code   106  usbd_core.o(i.USBD_LL_DataOutStage)
    USBD_LL_DevConnected                     0x08004daf   Thumb Code     4  usbd_core.o(i.USBD_LL_DevConnected)
    USBD_LL_DevDisconnected                  0x08004db3   Thumb Code    22  usbd_core.o(i.USBD_LL_DevDisconnected)
    USBD_LL_GetRxDataSize                    0x08004dc9   Thumb Code     8  usbd_conf.o(i.USBD_LL_GetRxDataSize)
    USBD_LL_Init                             0x08004dd1   Thumb Code    80  usbd_conf.o(i.USBD_LL_Init)
    USBD_LL_IsStallEP                        0x08004e29   Thumb Code    32  usbd_conf.o(i.USBD_LL_IsStallEP)
    USBD_LL_IsoINIncomplete                  0x08004e49   Thumb Code     4  usbd_core.o(i.USBD_LL_IsoINIncomplete)
    USBD_LL_IsoOUTIncomplete                 0x08004e4d   Thumb Code     4  usbd_core.o(i.USBD_LL_IsoOUTIncomplete)
    USBD_LL_OpenEP                           0x08004e51   Thumb Code    20  usbd_conf.o(i.USBD_LL_OpenEP)
    USBD_LL_PrepareReceive                   0x08004e65   Thumb Code    14  usbd_conf.o(i.USBD_LL_PrepareReceive)
    USBD_LL_Reset                            0x08004e73   Thumb Code    64  usbd_core.o(i.USBD_LL_Reset)
    USBD_LL_Resume                           0x08004eb3   Thumb Code    12  usbd_core.o(i.USBD_LL_Resume)
    USBD_LL_SOF                              0x08004ebf   Thumb Code    24  usbd_core.o(i.USBD_LL_SOF)
    USBD_LL_SetSpeed                         0x08004ed7   Thumb Code     6  usbd_core.o(i.USBD_LL_SetSpeed)
    USBD_LL_SetUSBAddress                    0x08004edd   Thumb Code    20  usbd_conf.o(i.USBD_LL_SetUSBAddress)
    USBD_LL_SetupStage                       0x08004ef5   Thumb Code    86  usbd_core.o(i.USBD_LL_SetupStage)
    USBD_LL_StallEP                          0x08004f4b   Thumb Code    14  usbd_conf.o(i.USBD_LL_StallEP)
    USBD_LL_Start                            0x08004f59   Thumb Code    14  usbd_conf.o(i.USBD_LL_Start)
    USBD_LL_Suspend                          0x08004f67   Thumb Code    18  usbd_core.o(i.USBD_LL_Suspend)
    USBD_LL_Transmit                         0x08004f79   Thumb Code    14  usbd_conf.o(i.USBD_LL_Transmit)
    USBD_ParseSetupRequest                   0x08004f87   Thumb Code    40  usbd_ctlreq.o(i.USBD_ParseSetupRequest)
    USBD_RegisterClass                       0x08004faf   Thumb Code    18  usbd_core.o(i.USBD_RegisterClass)
    USBD_SetClassConfig                      0x08004fc1   Thumb Code    22  usbd_core.o(i.USBD_SetClassConfig)
    USBD_Start                               0x0800504d   Thumb Code    10  usbd_core.o(i.USBD_Start)
    USBD_StdDevReq                           0x08005057   Thumb Code   242  usbd_ctlreq.o(i.USBD_StdDevReq)
    USBD_StdEPReq                            0x08005149   Thumb Code   222  usbd_ctlreq.o(i.USBD_StdEPReq)
    USBD_StdItfReq                           0x08005227   Thumb Code    52  usbd_ctlreq.o(i.USBD_StdItfReq)
    USBD_VCP_ConfigStrDescriptor             0x0800525d   Thumb Code    16  usbd_desc.o(i.USBD_VCP_ConfigStrDescriptor)
    USBD_VCP_DeviceDescriptor                0x0800527d   Thumb Code     8  usbd_desc.o(i.USBD_VCP_DeviceDescriptor)
    USBD_VCP_InterfaceStrDescriptor          0x08005289   Thumb Code    16  usbd_desc.o(i.USBD_VCP_InterfaceStrDescriptor)
    USBD_VCP_LangIDStrDescriptor             0x080052ad   Thumb Code     8  usbd_desc.o(i.USBD_VCP_LangIDStrDescriptor)
    USBD_VCP_ManufacturerStrDescriptor       0x080052b9   Thumb Code    16  usbd_desc.o(i.USBD_VCP_ManufacturerStrDescriptor)
    USBD_VCP_ProductStrDescriptor            0x080052e1   Thumb Code    24  usbd_desc.o(i.USBD_VCP_ProductStrDescriptor)
    USBD_VCP_SerialStrDescriptor             0x08005345   Thumb Code    36  usbd_desc.o(i.USBD_VCP_SerialStrDescriptor)
    USB_ActivateEndpoint                     0x0800536d   Thumb Code   124  stm32h7xx_ll_usb.o(i.USB_ActivateEndpoint)
    USB_ActivateSetup                        0x080053ed   Thumb Code    52  stm32h7xx_ll_usb.o(i.USB_ActivateSetup)
    USB_CoreInit                             0x08005421   Thumb Code   106  stm32h7xx_ll_usb.o(i.USB_CoreInit)
    USB_DeactivateEndpoint                   0x080054c9   Thumb Code   110  stm32h7xx_ll_usb.o(i.USB_DeactivateEndpoint)
    USB_DevConnect                           0x08005537   Thumb Code    24  stm32h7xx_ll_usb.o(i.USB_DevConnect)
    USB_DevDisconnect                        0x0800554f   Thumb Code    24  stm32h7xx_ll_usb.o(i.USB_DevDisconnect)
    USB_DevInit                              0x08005569   Thumb Code   330  stm32h7xx_ll_usb.o(i.USB_DevInit)
    USB_DisableGlobalInt                     0x080056c5   Thumb Code    12  stm32h7xx_ll_usb.o(i.USB_DisableGlobalInt)
    USB_EP0StartXfer                         0x080056d1   Thumb Code   316  stm32h7xx_ll_usb.o(i.USB_EP0StartXfer)
    USB_EP0_OutStart                         0x08005811   Thumb Code    62  stm32h7xx_ll_usb.o(i.USB_EP0_OutStart)
    USB_EPClearStall                         0x0800584f   Thumb Code   100  stm32h7xx_ll_usb.o(i.USB_EPClearStall)
    USB_EPSetStall                           0x080058b3   Thumb Code    94  stm32h7xx_ll_usb.o(i.USB_EPSetStall)
    USB_EPStartXfer                          0x08005911   Thumb Code   534  stm32h7xx_ll_usb.o(i.USB_EPStartXfer)
    USB_EnableGlobalInt                      0x08005b2d   Thumb Code    12  stm32h7xx_ll_usb.o(i.USB_EnableGlobalInt)
    USB_FlushRxFifo                          0x08005b39   Thumb Code    28  stm32h7xx_ll_usb.o(i.USB_FlushRxFifo)
    USB_FlushTxFifo                          0x08005b59   Thumb Code    32  stm32h7xx_ll_usb.o(i.USB_FlushTxFifo)
    USB_GetDevSpeed                          0x08005b7d   Thumb Code    62  stm32h7xx_ll_usb.o(i.USB_GetDevSpeed)
    USB_GetMode                              0x08005bbb   Thumb Code     8  stm32h7xx_ll_usb.o(i.USB_GetMode)
    USB_ReadDevAllInEpInterrupt              0x08005bc3   Thumb Code    14  stm32h7xx_ll_usb.o(i.USB_ReadDevAllInEpInterrupt)
    USB_ReadDevAllOutEpInterrupt             0x08005bd1   Thumb Code    14  stm32h7xx_ll_usb.o(i.USB_ReadDevAllOutEpInterrupt)
    USB_ReadDevInEPInterrupt                 0x08005bdf   Thumb Code    32  stm32h7xx_ll_usb.o(i.USB_ReadDevInEPInterrupt)
    USB_ReadDevOutEPInterrupt                0x08005bff   Thumb Code    16  stm32h7xx_ll_usb.o(i.USB_ReadDevOutEPInterrupt)
    USB_ReadInterrupts                       0x08005c0f   Thumb Code     8  stm32h7xx_ll_usb.o(i.USB_ReadInterrupts)
    USB_ReadPacket                           0x08005c17   Thumb Code    30  stm32h7xx_ll_usb.o(i.USB_ReadPacket)
    USB_SetCurrentMode                       0x08005c35   Thumb Code    44  stm32h7xx_ll_usb.o(i.USB_SetCurrentMode)
    USB_SetDevAddress                        0x08005c61   Thumb Code    34  stm32h7xx_ll_usb.o(i.USB_SetDevAddress)
    USB_WritePacket                          0x08005c85   Thumb Code    44  stm32h7xx_ll_usb.o(i.USB_WritePacket)
    UsageFault_Handler                       0x08005cb1   Thumb Code     2  stm32h7xx_it.o(i.UsageFault_Handler)
    VCP_DataRx                               0x08005cb5   Thumb Code    80  usbd_cdc_interface.o(i.VCP_DataRx)
    VCP_DataTx                               0x08005d0d   Thumb Code    28  usbd_cdc_interface.o(i.VCP_DataTx)
    __0printf                                0x08005d2d   Thumb Code    22  printfa.o(i.__0printf)
    __1printf                                0x08005d2d   Thumb Code     0  printfa.o(i.__0printf)
    __2printf                                0x08005d2d   Thumb Code     0  printfa.o(i.__0printf)
    __c89printf                              0x08005d2d   Thumb Code     0  printfa.o(i.__0printf)
    printf                                   0x08005d2d   Thumb Code     0  printfa.o(i.__0printf)
    __scatterload_copy                       0x08005d6f   Thumb Code    14  handlers.o(i.__scatterload_copy)
    __scatterload_null                       0x08005d7d   Thumb Code     2  handlers.o(i.__scatterload_null)
    __scatterload_zeroinit                   0x08005d7f   Thumb Code    14  handlers.o(i.__scatterload_zeroinit)
    calcCRC                                  0x08006641   Thumb Code    26  crc.o(i.calcCRC)
    change_test                              0x08006661   Thumb Code     6  ads1299.o(i.change_test)
    checkPositions                           0x0800666d   Thumb Code   590  self_test.o(i.checkPositions)
    delay_init                               0x080068c5   Thumb Code    16  delay.o(i.delay_init)
    delay_ms                                 0x080068d9   Thumb Code    26  delay.o(i.delay_ms)
    delay_us                                 0x080068f5   Thumb Code    48  delay.o(i.delay_us)
    fputc                                    0x08006929   Thumb Code    18  fputc.o(i.fputc)
    main                                     0x0800693d   Thumb Code   598  main.o(i.main)
    my_mem_free                              0x08006bb9   Thumb Code    80  malloc.o(i.my_mem_free)
    my_mem_init                              0x08006c11   Thumb Code    36  malloc.o(i.my_mem_init)
    my_mem_malloc                            0x08006c3d   Thumb Code   128  malloc.o(i.my_mem_malloc)
    my_mem_perused                           0x08006cc5   Thumb Code    50  malloc.o(i.my_mem_perused)
    myfree                                   0x08006d01   Thumb Code    20  malloc.o(i.myfree)
    mymalloc                                 0x08006d19   Thumb Code    28  malloc.o(i.mymalloc)
    mymemset                                 0x08006d39   Thumb Code    14  malloc.o(i.mymemset)
    D1CorePrescTable                         0x08006d46   Data          16  system_stm32h7xx.o(.constdata)
    memtblsize                               0x08007158   Data          12  malloc.o(.constdata)
    memblksize                               0x08007164   Data          12  malloc.o(.constdata)
    memsize                                  0x08007170   Data          12  malloc.o(.constdata)
    Region$$Table$$Base                      0x0800717c   Number         0  anon$$obj.o(Region$$Table)
    Region$$Table$$Limit                     0x0800719c   Number         0  anon$$obj.o(Region$$Table)
    mem3base                                 0x20000000   Data       61440  malloc.o(.ARM.__AT_0x20000000)
    mem3mapbase                              0x2000f000   Data        3840  malloc.o(.ARM.__AT_0x2000F000)
    data_4                                   0x24000000   Data           4  main.o(.data)
    enter_polar_measure                      0x24000004   Data           7  main.o(.data)
    exit_polar_measure                       0x2400000b   Data           7  main.o(.data)
    data_5                                   0x24000012   Data          12  main.o(.data)
    data_6                                   0x2400001e   Data          11  main.o(.data)
    data_7                                   0x24000029   Data          10  main.o(.data)
    data_8                                   0x24000033   Data          10  main.o(.data)
    data_9                                   0x2400003d   Data          10  main.o(.data)
    code_Passnum                             0x24000047   Data           9  main.o(.data)
    exit_measure                             0x24000050   Data          15  main.o(.data)
    noise_test                               0x2400005f   Data          13  main.o(.data)
    Common_mode_measure                      0x2400006c   Data          22  main.o(.data)
    Differential_mode_measure                0x24000082   Data          28  main.o(.data)
    Square_wave_self_test                    0x2400009e   Data           9  main.o(.data)
    Quit_Square_wave_self_test               0x240000a7   Data           9  main.o(.data)
    SystemCoreClock                          0x240000b0   Data           4  system_stm32h7xx.o(.data)
    SystemD2Clock                            0x240000b4   Data           4  system_stm32h7xx.o(.data)
    checksum                                 0x240000c8   Data           1  ads1299.o(.data)
    transport                                0x240000cc   Data           4  ads1299.o(.data)
    test                                     0x240000d0   Data           4  ads1299.o(.data)
    state                                    0x240000d4   Data           4  ads1299.o(.data)
    data_2                                   0x240000d8   Data           4  ads1299.o(.data)
    data_3                                   0x240000dc   Data           4  ads1299.o(.data)
    j                                        0x240000e0   Data           4  ads1299.o(.data)
    q                                        0x240000e4   Data           4  ads1299.o(.data)
    numPositions                             0x240000e8   Data           4  self_test.o(.data)
    positions                                0x240000ec   Data          20  self_test.o(.data)
    mallco_dev                               0x24000100   Data          36  malloc.o(.data)
    USBD_CDC_CfgHSDesc                       0x24000134   Data          67  usbd_cdc.o(.data)
    USBD_CDC_CfgFSDesc                       0x24000178   Data          67  usbd_cdc.o(.data)
    USBD_CDC_OtherSpeedCfgDesc               0x240001bc   Data          67  usbd_cdc.o(.data)
    USBD_CDC                                 0x24000200   Data          56  usbd_cdc.o(.data)
    bDeviceState                             0x24000239   Data           1  usbd_conf.o(.data)
    VCP_Desc                                 0x2400023c   Data          28  usbd_desc.o(.data)
    USBD_LangIDDesc                          0x24000258   Data           4  usbd_desc.o(.data)
    USBD_DeviceDesc                          0x2400025c   Data          18  usbd_desc.o(.data)
    USBD_StringSerial                        0x2400026e   Data          26  usbd_desc.o(.data)
    USB_USART_RX_STA                         0x24000288   Data           2  usbd_cdc_interface.o(.data)
    LineCoding                               0x2400028c   Data           8  usbd_cdc_interface.o(.data)
    USBD_CDC_fops                            0x24000294   Data          16  usbd_cdc_interface.o(.data)
    __stdout                                 0x240002a4   Data           4  stdout.o(.data)
    USBD_Device                              0x240002a8   Data         548  main.o(.bss)
    hspi1                                    0x240004cc   Data         136  spi.o(.bss)
    bytedata_2_receive                       0x24000554   Data         961  ads1299.o(.bss)
    bytedata_2_tempreceive_1                 0x24000915   Data          27  ads1299.o(.bss)
    bytedata_2_tempreceive_2                 0x24000930   Data          27  ads1299.o(.bss)
    bytedata_2_tempreceive_3                 0x2400094b   Data          27  ads1299.o(.bss)
    bytedata_2_tempreceive_4                 0x24000966   Data          27  ads1299.o(.bss)
    bytedata_2_tempreceive_5                 0x24000981   Data          27  ads1299.o(.bss)
    data_1                                   0x2400099c   Data         120  ads1299.o(.bss)
    send                                     0x24000a14   Data          27  ads1299.o(.bss)
    mem1base                                 0x24000a40   Data       163840  malloc.o(.bss)
    mem1mapbase                              0x24028a40   Data       10240  malloc.o(.bss)
    hpcd                                     0x2402b240   Data        1024  usbd_conf.o(.bss)
    USBD_StrDesc                             0x2402b640   Data         256  usbd_desc.o(.bss)
    USART_PRINTF_Buffer                      0x2402b740   Data         200  usbd_cdc_interface.o(.bss)
    USB_USART_RX_BUF                         0x2402b808   Data         200  usbd_cdc_interface.o(.bss)
    USBRxBuffer                              0x2402b8d0   Data         200  usbd_cdc_interface.o(.bss)
    __initial_sp                             0x2402c998   Data           0  startup_stm32h743xx.o(STACK)
    mem2base                                 0xc01f4000   Data       29605888  malloc.o(.ARM.__AT_0xC01F4000)
    mem2mapbase                              0xc1e30000   Data       1850368  malloc.o(.ARM.__AT_0xC1E30000)



==============================================================================

Memory Map of the image

  Image Entry point : 0x08000299

  Load Region LR_IROM1 (Base: 0x08000000, Size: 0x00007444, Max: 0x00200000, ABSOLUTE, COMPRESSED[0x00007304])

    Execution Region ER_IROM1 (Exec base: 0x08000000, Load base: 0x08000000, Size: 0x0000719c, Max: 0x00200000, ABSOLUTE)

    Exec Addr    Load Addr    Size         Type   Attr      Idx    E Section Name        Object

    0x08000000   0x08000000   0x00000298   Data   RO          516    RESET               startup_stm32h743xx.o
    0x08000298   0x08000298   0x00000000   Code   RO         5471  * .ARM.Collect$$$$00000000  mc_w.l(entry.o)
    0x08000298   0x08000298   0x00000004   Code   RO         5745    .ARM.Collect$$$$00000001  mc_w.l(entry2.o)
    0x0800029c   0x0800029c   0x00000004   Code   RO         5748    .ARM.Collect$$$$00000004  mc_w.l(entry5.o)
    0x080002a0   0x080002a0   0x00000000   Code   RO         5750    .ARM.Collect$$$$00000008  mc_w.l(entry7b.o)
    0x080002a0   0x080002a0   0x00000000   Code   RO         5752    .ARM.Collect$$$$0000000A  mc_w.l(entry8b.o)
    0x080002a0   0x080002a0   0x00000008   Code   RO         5753    .ARM.Collect$$$$0000000B  mc_w.l(entry9a.o)
    0x080002a8   0x080002a8   0x00000000   Code   RO         5755    .ARM.Collect$$$$0000000D  mc_w.l(entry10a.o)
    0x080002a8   0x080002a8   0x00000000   Code   RO         5757    .ARM.Collect$$$$0000000F  mc_w.l(entry11a.o)
    0x080002a8   0x080002a8   0x00000004   Code   RO         5746    .ARM.Collect$$$$00002712  mc_w.l(entry2.o)
    0x080002ac   0x080002ac   0x00000024   Code   RO          517    .text               startup_stm32h743xx.o
    0x080002d0   0x080002d0   0x00000024   Code   RO         5474    .text               mc_w.l(memcpya.o)
    0x080002f4   0x080002f4   0x00000024   Code   RO         5476    .text               mc_w.l(memseta.o)
    0x08000318   0x08000318   0x0000001c   Code   RO         5480    .text               mc_w.l(strcmp.o)
    0x08000334   0x08000334   0x0000002c   Code   RO         5762    .text               mc_w.l(uidiv.o)
    0x08000360   0x08000360   0x00000062   Code   RO         5764    .text               mc_w.l(uldiv.o)
    0x080003c2   0x080003c2   0x00000000   Code   RO         5766    .text               mc_w.l(iusefp.o)
    0x080003c2   0x080003c2   0x0000014e   Code   RO         5767    .text               mf_w.l(dadd.o)
    0x08000510   0x08000510   0x000000e4   Code   RO         5769    .text               mf_w.l(dmul.o)
    0x080005f4   0x080005f4   0x000000de   Code   RO         5771    .text               mf_w.l(ddiv.o)
    0x080006d2   0x080006d2   0x00000030   Code   RO         5773    .text               mf_w.l(dfixul.o)
    0x08000702   0x08000702   0x00000002   PAD
    0x08000704   0x08000704   0x00000030   Code   RO         5775    .text               mf_w.l(cdrcmple.o)
    0x08000734   0x08000734   0x00000024   Code   RO         5777    .text               mc_w.l(init.o)
    0x08000758   0x08000758   0x00000000   Code   RO         5779    .text               mc_w.l(semi.o)
    0x08000758   0x08000758   0x0000001e   Code   RO         5780    .text               mc_w.l(llshl.o)
    0x08000776   0x08000776   0x00000020   Code   RO         5782    .text               mc_w.l(llushr.o)
    0x08000796   0x08000796   0x00000024   Code   RO         5784    .text               mc_w.l(llsshr.o)
    0x080007ba   0x080007ba   0x00000000   Code   RO         5786    .text               mc_w.l(iusesemip.o)
    0x080007ba   0x080007ba   0x000000ba   Code   RO         5787    .text               mf_w.l(depilogue.o)
    0x08000874   0x08000874   0x00000056   Code   RO         5797    .text               mc_w.l(__dczerorl2.o)
    0x080008ca   0x080008ca   0x00000002   PAD
    0x080008cc   0x080008cc   0x00000070   Code   RO         4425    i.ADS1299_CHANGE_CHANEL  ads1299.o
    0x0800093c   0x0800093c   0x00000070   Code   RO         4426    i.ADS1299_Common_mode_measure  ads1299.o
    0x080009ac   0x080009ac   0x000002c4   Code   RO         4427    i.ADS1299_Config    ads1299.o
    0x08000c70   0x08000c70   0x00000070   Code   RO         4428    i.ADS1299_Differential_mode_measure  ads1299.o
    0x08000ce0   0x08000ce0   0x00000040   Code   RO         4429    i.ADS1299_Init      ads1299.o
    0x08000d20   0x08000d20   0x00000070   Code   RO         4430    i.ADS1299_Polar_vol  ads1299.o
    0x08000d90   0x08000d90   0x00000070   Code   RO         4431    i.ADS1299_Polar_vol_exit  ads1299.o
    0x08000e00   0x08000e00   0x000001ec   Code   RO         4432    i.ADS1299_exit_measure  ads1299.o
    0x08000fec   0x08000fec   0x00000070   Code   RO         4433    i.ADS1299_noise_test  ads1299.o
    0x0800105c   0x0800105c   0x000001bc   Code   RO         4434    i.ADS129x_ReceDATA  ads1299.o
    0x08001218   0x08001218   0x00000078   Code   RO         4435    i.ADS129x_Reg_RW    ads1299.o
    0x08001290   0x08001290   0x00000088   Code   RO         4436    i.ADS129x_Reg_R_all  ads1299.o
    0x08001318   0x08001318   0x0000001c   Code   RO         4437    i.ADS129x_Reg_W_all  ads1299.o
    0x08001334   0x08001334   0x00000034   Code   RO         4438    i.ADS129x_SendCMD   ads1299.o
    0x08001368   0x08001368   0x00000002   Code   RO          371    i.BusFault_Handler  stm32h7xx_it.o
    0x0800136a   0x0800136a   0x00000002   PAD
    0x0800136c   0x0800136c   0x000000dc   Code   RO         5394    i.CDC_Itf_Control   usbd_cdc_interface.o
    0x08001448   0x08001448   0x00000004   Code   RO         5395    i.CDC_Itf_DeInit    usbd_cdc_interface.o
    0x0800144c   0x0800144c   0x00000018   Code   RO         5396    i.CDC_Itf_Init      usbd_cdc_interface.o
    0x08001464   0x08001464   0x00000024   Code   RO         5397    i.CDC_Itf_Receive   usbd_cdc_interface.o
    0x08001488   0x08001488   0x00000098   Code   RO         4439    i.CS_Init           ads1299.o
    0x08001520   0x08001520   0x00000088   Code   RO          563    i.Cache_Enable      sys.o
    0x080015a8   0x080015a8   0x0000004c   Code   RO         4440    i.DRDY_Init         ads1299.o
    0x080015f4   0x080015f4   0x00000002   Code   RO          372    i.DebugMon_Handler  stm32h7xx_it.o
    0x080015f6   0x080015f6   0x00000008   Code   RO         4441    i.EXTI9_5_IRQHandler  ads1299.o
    0x080015fe   0x080015fe   0x00000002   PAD
    0x08001600   0x08001600   0x00000024   Code   RO          619    i.HAL_Delay         stm32h7xx_hal.o
    0x08001624   0x08001624   0x00000010   Code   RO          628    i.HAL_EnableCompensationCell  stm32h7xx_hal.o
    0x08001634   0x08001634   0x00000014   Code   RO         4442    i.HAL_GPIO_EXTI_Callback  ads1299.o
    0x08001648   0x08001648   0x00000018   Code   RO         1244    i.HAL_GPIO_EXTI_IRQHandler  stm32h7xx_hal_gpio.o
    0x08001660   0x08001660   0x000001f4   Code   RO         1245    i.HAL_GPIO_Init     stm32h7xx_hal_gpio.o
    0x08001854   0x08001854   0x00000008   Code   RO         1248    i.HAL_GPIO_TogglePin  stm32h7xx_hal_gpio.o
    0x0800185c   0x0800185c   0x0000000a   Code   RO         1249    i.HAL_GPIO_WritePin  stm32h7xx_hal_gpio.o
    0x08001866   0x08001866   0x00000002   PAD
    0x08001868   0x08001868   0x0000000c   Code   RO          635    i.HAL_GetTick       stm32h7xx_hal.o
    0x08001874   0x08001874   0x00000010   Code   RO          638    i.HAL_IncTick       stm32h7xx_hal.o
    0x08001884   0x08001884   0x0000001c   Code   RO          639    i.HAL_Init          stm32h7xx_hal.o
    0x080018a0   0x080018a0   0x00000040   Code   RO          640    i.HAL_InitTick      stm32h7xx_hal.o
    0x080018e0   0x080018e0   0x0000005c   Code   RO          927    i.HAL_MPU_ConfigRegion  stm32h7xx_hal_cortex.o
    0x0800193c   0x0800193c   0x0000001c   Code   RO         4627    i.HAL_MPU_Disable   mpu.o
    0x08001958   0x08001958   0x0000001c   Code   RO         4628    i.HAL_MPU_Enable    mpu.o
    0x08001974   0x08001974   0x00000002   Code   RO          488    i.HAL_MspInit       stm32h7xx_hal_msp.o
    0x08001976   0x08001976   0x0000001a   Code   RO          930    i.HAL_NVIC_EnableIRQ  stm32h7xx_hal_cortex.o
    0x08001990   0x08001990   0x00000040   Code   RO          936    i.HAL_NVIC_SetPriority  stm32h7xx_hal_cortex.o
    0x080019d0   0x080019d0   0x00000024   Code   RO          937    i.HAL_NVIC_SetPriorityGrouping  stm32h7xx_hal_cortex.o
    0x080019f4   0x080019f4   0x0000001c   Code   RO         2968    i.HAL_PCDEx_ActivateBCD  stm32h7xx_hal_pcd_ex.o
    0x08001a10   0x08001a10   0x00000028   Code   RO         2969    i.HAL_PCDEx_ActivateLPM  stm32h7xx_hal_pcd_ex.o
    0x08001a38   0x08001a38   0x00000002   Code   RO         2974    i.HAL_PCDEx_LPM_Callback  stm32h7xx_hal_pcd_ex.o
    0x08001a3a   0x08001a3a   0x00000008   Code   RO         2975    i.HAL_PCDEx_SetRxFiFo  stm32h7xx_hal_pcd_ex.o
    0x08001a42   0x08001a42   0x00000048   Code   RO         2976    i.HAL_PCDEx_SetTxFiFo  stm32h7xx_hal_pcd_ex.o
    0x08001a8a   0x08001a8a   0x00000002   PAD
    0x08001a8c   0x08001a8c   0x00000014   Code   RO         5128    i.HAL_PCD_ConnectCallback  usbd_conf.o
    0x08001aa0   0x08001aa0   0x00000012   Code   RO         5129    i.HAL_PCD_DataInStageCallback  usbd_conf.o
    0x08001ab2   0x08001ab2   0x00000014   Code   RO         5130    i.HAL_PCD_DataOutStageCallback  usbd_conf.o
    0x08001ac6   0x08001ac6   0x00000002   PAD
    0x08001ac8   0x08001ac8   0x0000003c   Code   RO         5131    i.HAL_PCD_DisconnectCallback  usbd_conf.o
    0x08001b04   0x08001b04   0x00000044   Code   RO         2762    i.HAL_PCD_EP_Close  stm32h7xx_hal_pcd.o
    0x08001b48   0x08001b48   0x00000050   Code   RO         2763    i.HAL_PCD_EP_ClrStall  stm32h7xx_hal_pcd.o
    0x08001b98   0x08001b98   0x00000014   Code   RO         2765    i.HAL_PCD_EP_GetRxCount  stm32h7xx_hal_pcd.o
    0x08001bac   0x08001bac   0x00000056   Code   RO         2766    i.HAL_PCD_EP_Open   stm32h7xx_hal_pcd.o
    0x08001c02   0x08001c02   0x00000044   Code   RO         2767    i.HAL_PCD_EP_Receive  stm32h7xx_hal_pcd.o
    0x08001c46   0x08001c46   0x00000060   Code   RO         2768    i.HAL_PCD_EP_SetStall  stm32h7xx_hal_pcd.o
    0x08001ca6   0x08001ca6   0x00000044   Code   RO         2769    i.HAL_PCD_EP_Transmit  stm32h7xx_hal_pcd.o
    0x08001cea   0x08001cea   0x00000002   PAD
    0x08001cec   0x08001cec   0x00000586   Code   RO         2771    i.HAL_PCD_IRQHandler  stm32h7xx_hal_pcd.o
    0x08002272   0x08002272   0x00000008   Code   RO         5132    i.HAL_PCD_ISOINIncompleteCallback  usbd_conf.o
    0x0800227a   0x0800227a   0x00000008   Code   RO         5133    i.HAL_PCD_ISOOUTIncompleteCallback  usbd_conf.o
    0x08002282   0x08002282   0x00000002   PAD
    0x08002284   0x08002284   0x000000dc   Code   RO         2774    i.HAL_PCD_Init      stm32h7xx_hal_pcd.o
    0x08002360   0x08002360   0x00000084   Code   RO         5134    i.HAL_PCD_MspInit   usbd_conf.o
    0x080023e4   0x080023e4   0x0000008c   Code   RO         5135    i.HAL_PCD_ResetCallback  usbd_conf.o
    0x08002470   0x08002470   0x0000002c   Code   RO         5136    i.HAL_PCD_ResumeCallback  usbd_conf.o
    0x0800249c   0x0800249c   0x00000008   Code   RO         5137    i.HAL_PCD_SOFCallback  usbd_conf.o
    0x080024a4   0x080024a4   0x00000024   Code   RO         2780    i.HAL_PCD_SetAddress  stm32h7xx_hal_pcd.o
    0x080024c8   0x080024c8   0x0000000e   Code   RO         5138    i.HAL_PCD_SetupStageCallback  usbd_conf.o
    0x080024d6   0x080024d6   0x00000014   Code   RO         2782    i.HAL_PCD_Start     stm32h7xx_hal_pcd.o
    0x080024ea   0x080024ea   0x00000002   PAD
    0x080024ec   0x080024ec   0x0000003c   Code   RO         5139    i.HAL_PCD_SuspendCallback  usbd_conf.o
    0x08002528   0x08002528   0x00000010   Code   RO         1449    i.HAL_PWREx_EnableUSBVoltageDetector  stm32h7xx_hal_pwr_ex.o
    0x08002538   0x08002538   0x00000034   Code   RO         4190    i.HAL_RCCEx_GetD1SysClockFreq  stm32h7xx_hal_rcc_ex.o
    0x0800256c   0x0800256c   0x00000994   Code   RO         4198    i.HAL_RCCEx_PeriphCLKConfig  stm32h7xx_hal_rcc_ex.o
    0x08002f00   0x08002f00   0x000001dc   Code   RO         4083    i.HAL_RCC_ClockConfig  stm32h7xx_hal_rcc.o
    0x080030dc   0x080030dc   0x00000034   Code   RO         4087    i.HAL_RCC_GetHCLKFreq  stm32h7xx_hal_rcc.o
    0x08003110   0x08003110   0x00000130   Code   RO         4091    i.HAL_RCC_GetSysClockFreq  stm32h7xx_hal_rcc.o
    0x08003240   0x08003240   0x000004b8   Code   RO         4094    i.HAL_RCC_OscConfig  stm32h7xx_hal_rcc.o
    0x080036f8   0x080036f8   0x000001f4   Code   RO         3740    i.HAL_SPI_Init      stm32h7xx_hal_spi.o
    0x080038ec   0x080038ec   0x0000005c   Code   RO         4370    i.HAL_SPI_MspInit   spi.o
    0x08003948   0x08003948   0x0000023e   Code   RO         3743    i.HAL_SPI_Receive   stm32h7xx_hal_spi.o
    0x08003b86   0x08003b86   0x00000222   Code   RO         3748    i.HAL_SPI_Transmit  stm32h7xx_hal_spi.o
    0x08003da8   0x08003da8   0x0000031c   Code   RO         3749    i.HAL_SPI_TransmitReceive  stm32h7xx_hal_spi.o
    0x080040c4   0x080040c4   0x00000018   Code   RO          939    i.HAL_SYSTICK_CLKSourceConfig  stm32h7xx_hal_cortex.o
    0x080040dc   0x080040dc   0x00000026   Code   RO          941    i.HAL_SYSTICK_Config  stm32h7xx_hal_cortex.o
    0x08004102   0x08004102   0x00000002   Code   RO          373    i.HardFault_Handler  stm32h7xx_it.o
    0x08004104   0x08004104   0x00000038   Code   RO         5321    i.IntToUnicode      usbd_desc.o
    0x0800413c   0x0800413c   0x0000005c   Code   RO         4344    i.LED_Init          led.o
    0x08004198   0x08004198   0x00000036   Code   RO         4629    i.MPU_Memory_Protection  mpu.o
    0x080041ce   0x080041ce   0x00000052   Code   RO         4630    i.MPU_Set_Protection  mpu.o
    0x08004220   0x08004220   0x00000052   Code   RO         4631    i.MPU_Set_SRAMProtection  mpu.o
    0x08004272   0x08004272   0x00000002   PAD
    0x08004274   0x08004274   0x00000050   Code   RO         4371    i.MX_SPI2_Init      spi.o
    0x080042c4   0x080042c4   0x00000002   Code   RO          374    i.MemManage_Handler  stm32h7xx_it.o
    0x080042c6   0x080042c6   0x00000002   Code   RO          375    i.NMI_Handler       stm32h7xx_it.o
    0x080042c8   0x080042c8   0x0000000c   Code   RO         5140    i.OTG_FS_IRQHandler  usbd_conf.o
    0x080042d4   0x080042d4   0x00000096   Code   RO         2785    i.PCD_WriteEmptyTxFifo  stm32h7xx_hal_pcd.o
    0x0800436a   0x0800436a   0x00000002   Code   RO          376    i.PendSV_Handler    stm32h7xx_it.o
    0x0800436c   0x0800436c   0x000000d4   Code   RO         4201    i.RCCEx_PLL2_Config  stm32h7xx_hal_rcc_ex.o
    0x08004440   0x08004440   0x000000d4   Code   RO         4202    i.RCCEx_PLL3_Config  stm32h7xx_hal_rcc_ex.o
    0x08004514   0x08004514   0x00000048   Code   RO         4443    i.RESET_Init        ads1299.o
    0x0800455c   0x0800455c   0x00000024   Code   RO         5398    i.SCB_CleanDCache_by_Addr  usbd_cdc_interface.o
    0x08004580   0x08004580   0x000000de   Code   RO         3765    i.SPI_CloseTransfer  stm32h7xx_hal_spi.o
    0x0800465e   0x0800465e   0x00000040   Code   RO         3782    i.SPI_WaitOnFlagUntilTimeout  stm32h7xx_hal_spi.o
    0x0800469e   0x0800469e   0x00000002   PAD
    0x080046a0   0x080046a0   0x00000048   Code   RO         4444    i.START_Init        ads1299.o
    0x080046e8   0x080046e8   0x00000002   Code   RO          377    i.SVC_Handler       stm32h7xx_it.o
    0x080046ea   0x080046ea   0x00000002   PAD
    0x080046ec   0x080046ec   0x000000b4   Code   RO          566    i.Stm32_Clock_Init  sys.o
    0x080047a0   0x080047a0   0x00000004   Code   RO          378    i.SysTick_Handler   stm32h7xx_it.o
    0x080047a4   0x080047a4   0x00000088   Code   RO          450    i.SystemInit        system_stm32h7xx.o
    0x0800482c   0x0800482c   0x00000014   Code   RO         4759    i.USBD_CDC_DataIn   usbd_cdc.o
    0x08004840   0x08004840   0x0000002e   Code   RO         4760    i.USBD_CDC_DataOut  usbd_cdc.o
    0x0800486e   0x0800486e   0x0000003e   Code   RO         4761    i.USBD_CDC_DeInit   usbd_cdc.o
    0x080048ac   0x080048ac   0x00000024   Code   RO         4762    i.USBD_CDC_EP0_RxReady  usbd_cdc.o
    0x080048d0   0x080048d0   0x0000000c   Code   RO         4763    i.USBD_CDC_GetDeviceQualifierDescriptor  usbd_cdc.o
    0x080048dc   0x080048dc   0x0000000c   Code   RO         4764    i.USBD_CDC_GetFSCfgDesc  usbd_cdc.o
    0x080048e8   0x080048e8   0x0000000c   Code   RO         4765    i.USBD_CDC_GetHSCfgDesc  usbd_cdc.o
    0x080048f4   0x080048f4   0x0000000c   Code   RO         4766    i.USBD_CDC_GetOtherSpeedCfgDesc  usbd_cdc.o
    0x08004900   0x08004900   0x0000008c   Code   RO         4767    i.USBD_CDC_Init     usbd_cdc.o
    0x0800498c   0x0800498c   0x00000028   Code   RO         4768    i.USBD_CDC_ReceivePacket  usbd_cdc.o
    0x080049b4   0x080049b4   0x00000014   Code   RO         4769    i.USBD_CDC_RegisterInterface  usbd_cdc.o
    0x080049c8   0x080049c8   0x0000000c   Code   RO         4770    i.USBD_CDC_SetRxBuffer  usbd_cdc.o
    0x080049d4   0x080049d4   0x00000010   Code   RO         4771    i.USBD_CDC_SetTxBuffer  usbd_cdc.o
    0x080049e4   0x080049e4   0x00000070   Code   RO         4772    i.USBD_CDC_Setup    usbd_cdc.o
    0x08004a54   0x08004a54   0x00000030   Code   RO         4773    i.USBD_CDC_TransmitPacket  usbd_cdc.o
    0x08004a84   0x08004a84   0x0000000e   Code   RO         4865    i.USBD_ClrClassConfig  usbd_core.o
    0x08004a92   0x08004a92   0x00000010   Code   RO         5068    i.USBD_CtlContinueRx  usbd_ioreq.o
    0x08004aa2   0x08004aa2   0x00000010   Code   RO         5069    i.USBD_CtlContinueSendData  usbd_ioreq.o
    0x08004ab2   0x08004ab2   0x00000016   Code   RO         5003    i.USBD_CtlError     usbd_ctlreq.o
    0x08004ac8   0x08004ac8   0x0000001e   Code   RO         5070    i.USBD_CtlPrepareRx  usbd_ioreq.o
    0x08004ae6   0x08004ae6   0x00000016   Code   RO         5071    i.USBD_CtlReceiveStatus  usbd_ioreq.o
    0x08004afc   0x08004afc   0x0000001a   Code   RO         5072    i.USBD_CtlSendData  usbd_ioreq.o
    0x08004b16   0x08004b16   0x00000016   Code   RO         5073    i.USBD_CtlSendStatus  usbd_ioreq.o
    0x08004b2c   0x08004b2c   0x000000e0   Code   RO         5004    i.USBD_GetDescriptor  usbd_ctlreq.o
    0x08004c0c   0x08004c0c   0x00000048   Code   RO         5005    i.USBD_GetString    usbd_ctlreq.o
    0x08004c54   0x08004c54   0x0000002a   Code   RO         4867    i.USBD_Init         usbd_core.o
    0x08004c7e   0x08004c7e   0x0000000e   Code   RO         5141    i.USBD_LL_ClearStallEP  usbd_conf.o
    0x08004c8c   0x08004c8c   0x0000000e   Code   RO         5142    i.USBD_LL_CloseEP   usbd_conf.o
    0x08004c9a   0x08004c9a   0x000000aa   Code   RO         4868    i.USBD_LL_DataInStage  usbd_core.o
    0x08004d44   0x08004d44   0x0000006a   Code   RO         4869    i.USBD_LL_DataOutStage  usbd_core.o
    0x08004dae   0x08004dae   0x00000004   Code   RO         4870    i.USBD_LL_DevConnected  usbd_core.o
    0x08004db2   0x08004db2   0x00000016   Code   RO         4871    i.USBD_LL_DevDisconnected  usbd_core.o
    0x08004dc8   0x08004dc8   0x00000008   Code   RO         5146    i.USBD_LL_GetRxDataSize  usbd_conf.o
    0x08004dd0   0x08004dd0   0x00000058   Code   RO         5147    i.USBD_LL_Init      usbd_conf.o
    0x08004e28   0x08004e28   0x00000020   Code   RO         5148    i.USBD_LL_IsStallEP  usbd_conf.o
    0x08004e48   0x08004e48   0x00000004   Code   RO         4872    i.USBD_LL_IsoINIncomplete  usbd_core.o
    0x08004e4c   0x08004e4c   0x00000004   Code   RO         4873    i.USBD_LL_IsoOUTIncomplete  usbd_core.o
    0x08004e50   0x08004e50   0x00000014   Code   RO         5149    i.USBD_LL_OpenEP    usbd_conf.o
    0x08004e64   0x08004e64   0x0000000e   Code   RO         5150    i.USBD_LL_PrepareReceive  usbd_conf.o
    0x08004e72   0x08004e72   0x00000040   Code   RO         4874    i.USBD_LL_Reset     usbd_core.o
    0x08004eb2   0x08004eb2   0x0000000c   Code   RO         4875    i.USBD_LL_Resume    usbd_core.o
    0x08004ebe   0x08004ebe   0x00000018   Code   RO         4876    i.USBD_LL_SOF       usbd_core.o
    0x08004ed6   0x08004ed6   0x00000006   Code   RO         4877    i.USBD_LL_SetSpeed  usbd_core.o
    0x08004edc   0x08004edc   0x00000018   Code   RO         5151    i.USBD_LL_SetUSBAddress  usbd_conf.o
    0x08004ef4   0x08004ef4   0x00000056   Code   RO         4878    i.USBD_LL_SetupStage  usbd_core.o
    0x08004f4a   0x08004f4a   0x0000000e   Code   RO         5152    i.USBD_LL_StallEP   usbd_conf.o
    0x08004f58   0x08004f58   0x0000000e   Code   RO         5153    i.USBD_LL_Start     usbd_conf.o
    0x08004f66   0x08004f66   0x00000012   Code   RO         4879    i.USBD_LL_Suspend   usbd_core.o
    0x08004f78   0x08004f78   0x0000000e   Code   RO         5155    i.USBD_LL_Transmit  usbd_conf.o
    0x08004f86   0x08004f86   0x00000028   Code   RO         5006    i.USBD_ParseSetupRequest  usbd_ctlreq.o
    0x08004fae   0x08004fae   0x00000012   Code   RO         4880    i.USBD_RegisterClass  usbd_core.o
    0x08004fc0   0x08004fc0   0x00000016   Code   RO         4882    i.USBD_SetClassConfig  usbd_core.o
    0x08004fd6   0x08004fd6   0x00000002   PAD
    0x08004fd8   0x08004fd8   0x00000074   Code   RO         5007    i.USBD_SetConfig    usbd_ctlreq.o
    0x0800504c   0x0800504c   0x0000000a   Code   RO         4883    i.USBD_Start        usbd_core.o
    0x08005056   0x08005056   0x000000f2   Code   RO         5008    i.USBD_StdDevReq    usbd_ctlreq.o
    0x08005148   0x08005148   0x000000de   Code   RO         5009    i.USBD_StdEPReq     usbd_ctlreq.o
    0x08005226   0x08005226   0x00000034   Code   RO         5010    i.USBD_StdItfReq    usbd_ctlreq.o
    0x0800525a   0x0800525a   0x00000002   PAD
    0x0800525c   0x0800525c   0x00000020   Code   RO         5322    i.USBD_VCP_ConfigStrDescriptor  usbd_desc.o
    0x0800527c   0x0800527c   0x0000000c   Code   RO         5323    i.USBD_VCP_DeviceDescriptor  usbd_desc.o
    0x08005288   0x08005288   0x00000024   Code   RO         5324    i.USBD_VCP_InterfaceStrDescriptor  usbd_desc.o
    0x080052ac   0x080052ac   0x0000000c   Code   RO         5325    i.USBD_VCP_LangIDStrDescriptor  usbd_desc.o
    0x080052b8   0x080052b8   0x00000028   Code   RO         5326    i.USBD_VCP_ManufacturerStrDescriptor  usbd_desc.o
    0x080052e0   0x080052e0   0x00000064   Code   RO         5327    i.USBD_VCP_ProductStrDescriptor  usbd_desc.o
    0x08005344   0x08005344   0x00000028   Code   RO         5328    i.USBD_VCP_SerialStrDescriptor  usbd_desc.o
    0x0800536c   0x0800536c   0x00000080   Code   RO         3041    i.USB_ActivateEndpoint  stm32h7xx_ll_usb.o
    0x080053ec   0x080053ec   0x00000034   Code   RO         3042    i.USB_ActivateSetup  stm32h7xx_ll_usb.o
    0x08005420   0x08005420   0x00000070   Code   RO         3044    i.USB_CoreInit      stm32h7xx_ll_usb.o
    0x08005490   0x08005490   0x00000038   Code   RO         3045    i.USB_CoreReset     stm32h7xx_ll_usb.o
    0x080054c8   0x080054c8   0x0000006e   Code   RO         3047    i.USB_DeactivateEndpoint  stm32h7xx_ll_usb.o
    0x08005536   0x08005536   0x00000018   Code   RO         3048    i.USB_DevConnect    stm32h7xx_ll_usb.o
    0x0800554e   0x0800554e   0x00000018   Code   RO         3049    i.USB_DevDisconnect  stm32h7xx_ll_usb.o
    0x08005566   0x08005566   0x00000002   PAD
    0x08005568   0x08005568   0x0000015c   Code   RO         3050    i.USB_DevInit       stm32h7xx_ll_usb.o
    0x080056c4   0x080056c4   0x0000000c   Code   RO         3051    i.USB_DisableGlobalInt  stm32h7xx_ll_usb.o
    0x080056d0   0x080056d0   0x00000140   Code   RO         3054    i.USB_EP0StartXfer  stm32h7xx_ll_usb.o
    0x08005810   0x08005810   0x0000003e   Code   RO         3055    i.USB_EP0_OutStart  stm32h7xx_ll_usb.o
    0x0800584e   0x0800584e   0x00000064   Code   RO         3056    i.USB_EPClearStall  stm32h7xx_ll_usb.o
    0x080058b2   0x080058b2   0x0000005e   Code   RO         3057    i.USB_EPSetStall    stm32h7xx_ll_usb.o
    0x08005910   0x08005910   0x0000021c   Code   RO         3058    i.USB_EPStartXfer   stm32h7xx_ll_usb.o
    0x08005b2c   0x08005b2c   0x0000000c   Code   RO         3059    i.USB_EnableGlobalInt  stm32h7xx_ll_usb.o
    0x08005b38   0x08005b38   0x00000020   Code   RO         3060    i.USB_FlushRxFifo   stm32h7xx_ll_usb.o
    0x08005b58   0x08005b58   0x00000024   Code   RO         3061    i.USB_FlushTxFifo   stm32h7xx_ll_usb.o
    0x08005b7c   0x08005b7c   0x0000003e   Code   RO         3063    i.USB_GetDevSpeed   stm32h7xx_ll_usb.o
    0x08005bba   0x08005bba   0x00000008   Code   RO         3065    i.USB_GetMode       stm32h7xx_ll_usb.o
    0x08005bc2   0x08005bc2   0x0000000e   Code   RO         3072    i.USB_ReadDevAllInEpInterrupt  stm32h7xx_ll_usb.o
    0x08005bd0   0x08005bd0   0x0000000e   Code   RO         3073    i.USB_ReadDevAllOutEpInterrupt  stm32h7xx_ll_usb.o
    0x08005bde   0x08005bde   0x00000020   Code   RO         3074    i.USB_ReadDevInEPInterrupt  stm32h7xx_ll_usb.o
    0x08005bfe   0x08005bfe   0x00000010   Code   RO         3075    i.USB_ReadDevOutEPInterrupt  stm32h7xx_ll_usb.o
    0x08005c0e   0x08005c0e   0x00000008   Code   RO         3076    i.USB_ReadInterrupts  stm32h7xx_ll_usb.o
    0x08005c16   0x08005c16   0x0000001e   Code   RO         3077    i.USB_ReadPacket    stm32h7xx_ll_usb.o
    0x08005c34   0x08005c34   0x0000002c   Code   RO         3079    i.USB_SetCurrentMode  stm32h7xx_ll_usb.o
    0x08005c60   0x08005c60   0x00000022   Code   RO         3080    i.USB_SetDevAddress  stm32h7xx_ll_usb.o
    0x08005c82   0x08005c82   0x00000002   PAD
    0x08005c84   0x08005c84   0x0000002c   Code   RO         3084    i.USB_WritePacket   stm32h7xx_ll_usb.o
    0x08005cb0   0x08005cb0   0x00000002   Code   RO          379    i.UsageFault_Handler  stm32h7xx_it.o
    0x08005cb2   0x08005cb2   0x00000002   PAD
    0x08005cb4   0x08005cb4   0x00000058   Code   RO         5399    i.VCP_DataRx        usbd_cdc_interface.o
    0x08005d0c   0x08005d0c   0x00000020   Code   RO         5400    i.VCP_DataTx        usbd_cdc_interface.o
    0x08005d2c   0x08005d2c   0x00000020   Code   RO         5717    i.__0printf         mc_w.l(printfa.o)
    0x08005d4c   0x08005d4c   0x00000022   Code   RO          943    i.__NVIC_SetPriority  stm32h7xx_hal_cortex.o
    0x08005d6e   0x08005d6e   0x0000000e   Code   RO         5791    i.__scatterload_copy  mc_w.l(handlers.o)
    0x08005d7c   0x08005d7c   0x00000002   Code   RO         5792    i.__scatterload_null  mc_w.l(handlers.o)
    0x08005d7e   0x08005d7e   0x0000000e   Code   RO         5793    i.__scatterload_zeroinit  mc_w.l(handlers.o)
    0x08005d8c   0x08005d8c   0x00000184   Code   RO         5724    i._fp_digits        mc_w.l(printfa.o)
    0x08005f10   0x08005f10   0x000006dc   Code   RO         5725    i._printf_core      mc_w.l(printfa.o)
    0x080065ec   0x080065ec   0x00000024   Code   RO         5726    i._printf_post_padding  mc_w.l(printfa.o)
    0x08006610   0x08006610   0x0000002e   Code   RO         5727    i._printf_pre_padding  mc_w.l(printfa.o)
    0x0800663e   0x0800663e   0x00000002   PAD
    0x08006640   0x08006640   0x00000020   Code   RO         4583    i.calcCRC           crc.o
    0x08006660   0x08006660   0x0000000c   Code   RO         4445    i.change_test       ads1299.o
    0x0800666c   0x0800666c   0x00000258   Code   RO         4600    i.checkPositions    self_test.o
    0x080068c4   0x080068c4   0x00000014   Code   RO          524    i.delay_init        delay.o
    0x080068d8   0x080068d8   0x0000001a   Code   RO          525    i.delay_ms          delay.o
    0x080068f2   0x080068f2   0x00000002   PAD
    0x080068f4   0x080068f4   0x00000034   Code   RO          526    i.delay_us          delay.o
    0x08006928   0x08006928   0x00000012   Code   RO         5759    i.fputc             mc_w.l(fputc.o)
    0x0800693a   0x0800693a   0x00000002   PAD
    0x0800693c   0x0800693c   0x0000027c   Code   RO            4    i.main              main.o
    0x08006bb8   0x08006bb8   0x00000058   Code   RO         4676    i.my_mem_free       malloc.o
    0x08006c10   0x08006c10   0x0000002c   Code   RO         4677    i.my_mem_init       malloc.o
    0x08006c3c   0x08006c3c   0x00000088   Code   RO         4678    i.my_mem_malloc     malloc.o
    0x08006cc4   0x08006cc4   0x0000003c   Code   RO         4679    i.my_mem_perused    malloc.o
    0x08006d00   0x08006d00   0x00000018   Code   RO         4680    i.myfree            malloc.o
    0x08006d18   0x08006d18   0x00000020   Code   RO         4681    i.mymalloc          malloc.o
    0x08006d38   0x08006d38   0x0000000e   Code   RO         4683    i.mymemset          malloc.o
    0x08006d46   0x08006d46   0x00000010   Data   RO          451    .constdata          system_stm32h7xx.o
    0x08006d56   0x08006d56   0x00000002   PAD
    0x08006d58   0x08006d58   0x00000400   Data   RO         4584    .constdata          crc.o
    0x08007158   0x08007158   0x00000024   Data   RO         4691    .constdata          malloc.o
    0x0800717c   0x0800717c   0x00000020   Data   RO         5789    Region$$Table       anon$$obj.o


    Execution Region RW_IRAM2 (Exec base: 0x24000000, Load base: 0x0800719c, Size: 0x0002c998, Max: 0x00080000, ABSOLUTE, COMPRESSED[0x00000168])

    Exec Addr    Load Addr    Size         Type   Attr      Idx    E Section Name        Object

    0x24000000   COMPRESSED   0x000000b0   Data   RW            6    .data               main.o
    0x240000b0   COMPRESSED   0x00000004   Data   RW          452    .data               system_stm32h7xx.o
    0x240000b4   COMPRESSED   0x00000004   Data   RW          453    .data               system_stm32h7xx.o
    0x240000b8   COMPRESSED   0x00000004   Data   RW          527    .data               delay.o
    0x240000bc   COMPRESSED   0x0000000c   Data   RW          661    .data               stm32h7xx_hal.o
    0x240000c8   COMPRESSED   0x00000020   Data   RW         4447    .data               ads1299.o
    0x240000e8   COMPRESSED   0x00000018   Data   RW         4601    .data               self_test.o
    0x24000100   COMPRESSED   0x00000024   Data   RW         4692    .data               malloc.o
    0x24000124   COMPRESSED   0x000000db   Data   RW         4774    .data               usbd_cdc.o
    0x240001ff   COMPRESSED   0x00000001   PAD
    0x24000200   COMPRESSED   0x00000038   Data   RW         4775    .data               usbd_cdc.o
    0x24000238   COMPRESSED   0x00000001   Data   RW         5011    .data               usbd_ctlreq.o
    0x24000239   COMPRESSED   0x00000001   Data   RW         5157    .data               usbd_conf.o
    0x2400023a   COMPRESSED   0x00000002   PAD
    0x2400023c   COMPRESSED   0x0000001c   Data   RW         5330    .data               usbd_desc.o
    0x24000258   COMPRESSED   0x00000030   Data   RW         5331    .data               usbd_desc.o
    0x24000288   COMPRESSED   0x0000000c   Data   RW         5403    .data               usbd_cdc_interface.o
    0x24000294   COMPRESSED   0x00000010   Data   RW         5404    .data               usbd_cdc_interface.o
    0x240002a4   COMPRESSED   0x00000004   Data   RW         5761    .data               mc_w.l(stdout.o)
    0x240002a8        -       0x00000224   Zero   RW            5    .bss                main.o
    0x240004cc        -       0x00000088   Zero   RW         4374    .bss                spi.o
    0x24000554        -       0x000004db   Zero   RW         4446    .bss                ads1299.o
    0x24000a2f   COMPRESSED   0x00000011   PAD
    0x24000a40        -       0x00028000   Zero   RW         4689    .bss                malloc.o
    0x24028a40        -       0x00002800   Zero   RW         4690    .bss                malloc.o
    0x2402b240        -       0x00000400   Zero   RW         5156    .bss                usbd_conf.o
    0x2402b640        -       0x00000100   Zero   RW         5329    .bss                usbd_desc.o
    0x2402b740        -       0x00000258   Zero   RW         5402    .bss                usbd_cdc_interface.o
    0x2402b998        -       0x00001000   Zero   RW          514    STACK               startup_stm32h743xx.o



  Load Region LR$$.ARM.__AT_0x20000000 (Base: 0x20000000, Size: 0x00000000, Max: 0x0000f000, ABSOLUTE)

    Execution Region ER$$.ARM.__AT_0x20000000 (Exec base: 0x20000000, Load base: 0x20000000, Size: 0x0000f000, Max: 0x0000f000, ABSOLUTE, UNINIT)

    Exec Addr    Load Addr    Size         Type   Attr      Idx    E Section Name        Object

    0x20000000        -       0x0000f000   Zero   RW         4685    .ARM.__AT_0x20000000  malloc.o



  Load Region LR$$.ARM.__AT_0x2000F000 (Base: 0x2000f000, Size: 0x00000000, Max: 0x00000f00, ABSOLUTE)

    Execution Region ER$$.ARM.__AT_0x2000F000 (Exec base: 0x2000f000, Load base: 0x2000f000, Size: 0x00000f00, Max: 0x00000f00, ABSOLUTE, UNINIT)

    Exec Addr    Load Addr    Size         Type   Attr      Idx    E Section Name        Object

    0x2000f000        -       0x00000f00   Zero   RW         4686    .ARM.__AT_0x2000F000  malloc.o



  Load Region LR$$.ARM.__AT_0xC01F4000 (Base: 0xc01f4000, Size: 0x00000000, Max: 0x01c3c000, ABSOLUTE)

    Execution Region ER$$.ARM.__AT_0xC01F4000 (Exec base: 0xc01f4000, Load base: 0xc01f4000, Size: 0x01c3c000, Max: 0x01c3c000, ABSOLUTE, UNINIT)

    Exec Addr    Load Addr    Size         Type   Attr      Idx    E Section Name        Object

    0xc01f4000        -       0x01c3c000   Zero   RW         4687    .ARM.__AT_0xC01F4000  malloc.o



  Load Region LR$$.ARM.__AT_0xC1E30000 (Base: 0xc1e30000, Size: 0x00000000, Max: 0x001c3c00, ABSOLUTE)

    Execution Region ER$$.ARM.__AT_0xC1E30000 (Exec base: 0xc1e30000, Load base: 0xc1e30000, Size: 0x001c3c00, Max: 0x001c3c00, ABSOLUTE, UNINIT)

    Exec Addr    Load Addr    Size         Type   Attr      Idx    E Section Name        Object

    0xc1e30000        -       0x001c3c00   Zero   RW         4688    .ARM.__AT_0xC1E30000  malloc.o


==============================================================================

Image component sizes


      Code (inc. data)   RO Data    RW Data    ZI Data      Debug   Object Name

      3128        158          0         32       1243      17974   ads1299.o
        32          6       1024          0          0       1434   crc.o
        98          8          0          4          0       2359   delay.o
        92         10          0          0          0       1091   led.o
       636         38          0        176        548    1180153   main.o
       398         42         36         36   31695616       7589   malloc.o
       274         10          0          0          0       9982   mpu.o
       600         10          0         24          0       2618   self_test.o
       172         16          0          0        136       2189   spi.o
        36          8        664          0       4096        896   startup_stm32h743xx.o
       172         28          0         12          0       5347   stm32h7xx_hal.o
       314         18          0          0          0      40904   stm32h7xx_hal_cortex.o
       542         50          0          0          0       4392   stm32h7xx_hal_gpio.o
         2          0          0          0          0        546   stm32h7xx_hal_msp.o
      2326         76          0          0          0      12981   stm32h7xx_hal_pcd.o
       150          6          0          0          0       4301   stm32h7xx_hal_pcd_ex.o
        16          4          0          0          0        673   stm32h7xx_hal_pwr_ex.o
      2040         64          0          0          0       5762   stm32h7xx_hal_rcc.o
      2928         64          0          0          0       6018   stm32h7xx_hal_rcc_ex.o
      2702         12          0          0          0       8810   stm32h7xx_hal_spi.o
        20          0          0          0          0       4894   stm32h7xx_it.o
      2368         52          0          0          0      23308   stm32h7xx_ll_usb.o
       316         18          0          0          0      36865   sys.o
       136         18         16          8          0       1574   system_stm32h7xx.o
       600         20          0        275          0      14574   usbd_cdc.o
       440        142          0         28        600      40746   usbd_cdc_interface.o
       800        208          0          1       1024      17492   usbd_conf.o
       626          0          0          0          0      13470   usbd_core.o
       990         28          0          1          0       8796   usbd_ctlreq.o
       328        148          0         76        256       7390   usbd_desc.o
       132          0          0          0          0       5096   usbd_ioreq.o

    ----------------------------------------------------------------------
     23448       1262       1774        676   31703536    1490224   Object Totals
         0          0         32          0          0          0   (incl. Generated)
        34          0          2          3         17          0   (incl. Padding)

    ----------------------------------------------------------------------

      Code (inc. data)   RO Data    RW Data    ZI Data      Debug   Library Member Name

        86          0          0          0          0          0   __dczerorl2.o
         0          0          0          0          0          0   entry.o
         0          0          0          0          0          0   entry10a.o
         0          0          0          0          0          0   entry11a.o
         8          4          0          0          0          0   entry2.o
         4          0          0          0          0          0   entry5.o
         0          0          0          0          0          0   entry7b.o
         0          0          0          0          0          0   entry8b.o
         8          4          0          0          0          0   entry9a.o
        18          0          0          0          0         80   fputc.o
        30          0          0          0          0          0   handlers.o
        36          8          0          0          0         68   init.o
         0          0          0          0          0          0   iusefp.o
         0          0          0          0          0          0   iusesemip.o
        30          0          0          0          0         68   llshl.o
        36          0          0          0          0         68   llsshr.o
        32          0          0          0          0         68   llushr.o
        36          0          0          0          0         68   memcpya.o
        36          0          0          0          0        108   memseta.o
      2258         90          0          0          0        452   printfa.o
         0          0          0          0          0          0   semi.o
         0          0          0          4          0          0   stdout.o
        28          0          0          0          0         76   strcmp.o
        44          0          0          0          0         80   uidiv.o
        98          0          0          0          0         92   uldiv.o
        48          0          0          0          0         68   cdrcmple.o
       334          0          0          0          0        148   dadd.o
       222          0          0          0          0        100   ddiv.o
       186          0          0          0          0        176   depilogue.o
        48          0          0          0          0         68   dfixul.o
       228          0          0          0          0         96   dmul.o

    ----------------------------------------------------------------------
      3862        106          0          4          0       1884   Library Totals
         8          0          0          0          0          0   (incl. Padding)

    ----------------------------------------------------------------------

      Code (inc. data)   RO Data    RW Data    ZI Data      Debug   Library Name

      2788        106          0          4          0       1228   mc_w.l
      1066          0          0          0          0        656   mf_w.l

    ----------------------------------------------------------------------
      3862        106          0          4          0       1884   Library Totals

    ----------------------------------------------------------------------

==============================================================================


      Code (inc. data)   RO Data    RW Data    ZI Data      Debug   

     27310       1368       1774        680   31703536    1470504   Grand Totals
     27310       1368       1774        360   31703536    1470504   ELF Image Totals (compressed)
     27310       1368       1774        360          0          0   ROM Totals

==============================================================================

    Total RO  Size (Code + RO Data)                29084 (  28.40kB)
    Total RW  Size (RW Data + ZI Data)          31704216 (30961.15kB)
    Total ROM Size (Code + RO Data + RW Data)      29444 (  28.75kB)

==============================================================================

